Archive member included to satisfy reference by file (symbol)

C:/devkitPro/libnds/lib\libmm9.a(mm_comms.o)
                              main.o (mmStart)
C:/devkitPro/libnds/lib\libmm9.a(mm_memory.o)
                              main.o (mmLoad)
C:/devkitPro/libnds/lib\libmm9.a(mm_main9.o)
                              C:/devkitPro/libnds/lib\libmm9.a(mm_memory.o) (mmcbMemory)
C:/devkitPro/libnds/lib\libmm9.a(mm_soundbank.o)
                              C:/devkitPro/libnds/lib\libmm9.a(mm_main9.o) (mmSoundBankInMemory)
C:/devkitPro/libnds/lib\libmm9.a(mm_flusher.o)
                              C:/devkitPro/libnds/lib\libmm9.a(mm_memory.o) (mmFlushBank)
C:/devkitPro/libnds/lib\libnds9.a(console.o)
                              main.o (consoleDemoInit)
C:/devkitPro/libnds/lib\libnds9.a(initSystem.o)
                              c:/devkitpro/devkitarm/bin/../lib/gcc/arm-none-eabi/12.1.0/../../../../arm-none-eabi/lib/thumb/ds_arm9_crt0.o (initSystem)
C:/devkitPro/libnds/lib\libnds9.a(securearea.o)
                              c:/devkitpro/devkitarm/bin/../lib/gcc/arm-none-eabi/12.1.0/../../../../arm-none-eabi/lib/thumb/ds_arm9_crt0.o (__secure_area__)
C:/devkitPro/libnds/lib\libnds9.a(interrupts.o)
                              main.o (irqSet)
C:/devkitPro/libnds/lib\libnds9.a(libnds_exit.arm.o)
                              c:/devkitpro/devkitarm/bin/../lib/gcc/arm-none-eabi/12.1.0/../../../../arm-none-eabi/lib/thumb/ds_arm9_crt0.o (__libnds_exit)
C:/devkitPro/libnds/lib\libnds9.a(fifosystem.o)
                              C:/devkitPro/libnds/lib\libmm9.a(mm_comms.o) (fifoSetValue32Handler)
C:/devkitPro/libnds/lib\libnds9.a(mpu_setup.o)
                              c:/devkitpro/devkitarm/bin/../lib/gcc/arm-none-eabi/12.1.0/../../../../arm-none-eabi/lib/thumb/ds_arm9_crt0.o (__libnds_mpu_setup)
C:/devkitPro/libnds/lib\libnds9.a(IntrWait.o)
                              main.o (swiWaitForVBlank)
C:/devkitPro/libnds/lib\libnds9.a(cpu_clock.o)
                              C:/devkitPro/libnds/lib\libnds9.a(initSystem.o) (setCpuClock)
C:/devkitPro/libnds/lib\libnds9.a(interruptDispatcher.o)
                              C:/devkitPro/libnds/lib\libnds9.a(interrupts.o) (IntrMain)
C:/devkitPro/libnds/lib\libnds9.a(debugprint.o)
                              C:/devkitPro/libnds/lib\libnds9.a(console.o) (nocashWrite)
C:/devkitPro/libnds/lib\libnds9.a(swiSoftReset.o)
                              C:/devkitPro/libnds/lib\libnds9.a(fifosystem.o) (swiSoftReset)
C:/devkitPro/libnds/lib\libnds9.a(default_font.bin.o)
                              C:/devkitPro/libnds/lib\libnds9.a(console.o) (default_font_bin)
C:/devkitPro/libnds/lib\libnds9.a(background.o)
                              C:/devkitPro/libnds/lib\libnds9.a(console.o) (bgState)
C:/devkitPro/libnds/lib\libnds9.a(trig.o)
                              C:/devkitPro/libnds/lib\libnds9.a(background.o) (sinLerp)
C:/devkitPro/libnds/lib\libnds9.a(video.o)
                              C:/devkitPro/libnds/lib\libnds9.a(initSystem.o) (vramDefault)
C:/devkitPro/libnds/lib\libnds9.a(system.o)
                              C:/devkitPro/libnds/lib\libnds9.a(initSystem.o) (systemValueHandler)
C:/devkitPro/libnds/lib\libnds9.a(biosCalls.o)
                              C:/devkitPro/libnds/lib\libnds9.a(system.o) (swiDelay)
c:/devkitpro/devkitarm/bin/../lib/gcc/arm-none-eabi/12.1.0/../../../../arm-none-eabi/lib/thumb\libstdc++.a(new_op.o)
                              main.o (operator new(unsigned int))
c:/devkitpro/devkitarm/bin/../lib/gcc/arm-none-eabi/12.1.0/../../../../arm-none-eabi/lib/thumb\libstdc++.a(bad_alloc.o)
                              c:/devkitpro/devkitarm/bin/../lib/gcc/arm-none-eabi/12.1.0/../../../../arm-none-eabi/lib/thumb\libstdc++.a(new_op.o) (vtable for std::bad_alloc)
c:/devkitpro/devkitarm/bin/../lib/gcc/arm-none-eabi/12.1.0/../../../../arm-none-eabi/lib/thumb\libstdc++.a(del_ops.o)
                              c:/devkitpro/devkitarm/bin/../lib/gcc/arm-none-eabi/12.1.0/../../../../arm-none-eabi/lib/thumb\libstdc++.a(bad_alloc.o) (operator delete(void*, unsigned int))
c:/devkitpro/devkitarm/bin/../lib/gcc/arm-none-eabi/12.1.0/../../../../arm-none-eabi/lib/thumb\libstdc++.a(eh_alloc.o)
                              c:/devkitpro/devkitarm/bin/../lib/gcc/arm-none-eabi/12.1.0/../../../../arm-none-eabi/lib/thumb\libstdc++.a(new_op.o) (__cxa_allocate_exception)
c:/devkitpro/devkitarm/bin/../lib/gcc/arm-none-eabi/12.1.0/../../../../arm-none-eabi/lib/thumb\libstdc++.a(eh_exception.o)
                              c:/devkitpro/devkitarm/bin/../lib/gcc/arm-none-eabi/12.1.0/../../../../arm-none-eabi/lib/thumb\libstdc++.a(bad_alloc.o) (std::exception::~exception())
c:/devkitpro/devkitarm/bin/../lib/gcc/arm-none-eabi/12.1.0/../../../../arm-none-eabi/lib/thumb\libstdc++.a(eh_terminate.o)
                              c:/devkitpro/devkitarm/bin/../lib/gcc/arm-none-eabi/12.1.0/../../../../arm-none-eabi/lib/thumb\libstdc++.a(eh_alloc.o) (std::terminate())
[...]
Memory Configuration

Name             Origin             Length             Attributes
ewram            0x0000000002000000 0x0000000000380000
dtcm             0x0000000002ff0000 0x0000000000004000
vectors          0x0000000001000000 0x0000000000000100
itcm             0x0000000001000100 0x0000000000007f00
*default*        0x0000000000000000 0xffffffffffffffff

Linker script and memory map

                0x0000000002380000                __ewram_end = (ORIGIN (ewram) + LENGTH (ewram))
                0x0000000002380000                __eheap_end = (ORIGIN (ewram) + LENGTH (ewram))
                0x0000000002ff4000                __dtcm_top = (ORIGIN (dtcm) + LENGTH (dtcm))
                0x0000000002ff3ff8                __irq_flags = (__dtcm_top - 0x8)
                0x0000000002ff3ffc                __irq_vector = (__dtcm_top - 0x4)
                0x0000000002ff3f00                __sp_svc = (__dtcm_top - 0x100)
                0x0000000002ff3e00                __sp_irq = (__sp_svc - 0x100)
                0x0000000002ff3d00                __sp_usr = (__sp_irq - 0x100)

.secure         0x0000000002000000      0x800
 *(.secure)
 .secure        0x0000000002000000      0x800 C:/devkitPro/libnds/lib\libnds9.a(securearea.o)
                0x0000000002000000                __secure_area__

.crt0           0x0000000002000800      0x300
                0x0000000002000800                __text_start = .
 *(.crt0)
 .crt0          0x0000000002000800      0x300 c:/devkitpro/devkitarm/bin/../lib/gcc/arm-none-eabi/12.1.0/../../../../arm-none-eabi/lib/thumb/ds_arm9_crt0.o
                0x0000000002000800                _start
                0x0000000002000b00                . = ALIGN (0x4)

.plt
 *(.plt)

.init           0x0000000002000b00        0xc
 *(SORT_NONE(.init))
 .init          0x0000000002000b00        0x4 c:/devkitpro/devkitarm/bin/../lib/gcc/arm-none-eabi/12.1.0/thumb/crti.o
                0x0000000002000b00                _init
 .init          0x0000000002000b04        0x8 c:/devkitpro/devkitarm/bin/../lib/gcc/arm-none-eabi/12.1.0/thumb/crtn.o

.text           0x0000000002000b10    0x10060
 *(EXCLUDE_FILE(*.twl* *.vectors* *.itcm*) .text)
 .text          0x0000000002000b10     0x2794 main.o
                0x0000000002000b10                int_t2()
                0x0000000002000f78                Victoria(bool)
                0x0000000002001070                ResetearCampo()
                0x00000000020021a8                GolEquipo1()
                0x00000000020021e8                GolEquipo2()
                0x0000000002002228                closed_interval_rand(double, double)
                0x0000000002002274                MostrarJugadores()
                0x00000000020022e0                MostrarDrops()
                0x0000000002002304                ActualizarPantalla()
                0x00000000020023c4                MoverBolaX()
                0x0000000002002454                ChutarEquipo1()
                0x0000000002002490                ChutarEquipo2()
                0x00000000020024cc                MoverBolaY()
                0x000000000200253c                MoverJugadoresEquipo1(int)
                0x0000000002002588                MoverJugadoresEquipo2(int)
                0x00000000020025d4                int_t1()
                0x00000000020028c8                Continuar()
                0x0000000002002900                ConfigurarInterrupciones()
                0x0000000002002970                iniciarPartida()
                0x0000000002002e4c                Pausa()
                0x0000000002002e88                Menu()
                0x0000000002002f24                int_teclas()
 .text          0x00000000020032a4      0x24c C:/devkitPro/libnds/lib\libmm9.a(mm_comms.o)
                0x00000000020032a4                mmSetupComms
                0x00000000020032f6                mmSendBank
                0x0000000002003300                mmLockChannels
                0x0000000002003306                mmUnlockChannels
                0x000000000200330c                mmStart
                0x0000000002003316                mmPause
                0x000000000200331a                mmResume
                0x000000000200331e                mmStop
                0x0000000002003322                mmPosition
                0x0000000002003326                mmJingle
                0x000000000200332a                mmSetModuleVolume
                0x000000000200332e                mmSetJingleVolume
                0x0000000002003332                mmSetModuleTempo
                0x0000000002003336                mmSetModulePitch
                0x000000000200333a                mmSetEffectsVolume
                0x000000000200333e                mmSelectMode
                0x0000000002003342                mmStreamBegin
                0x0000000002003356                mmStreamEnd
                0x00000000020033ac                mmEffect
                0x00000000020033d0                mmEffectVolume
                0x00000000020033d4                mmEffectPanning
                0x00000000020033d8                mmEffectRate
                0x00000000020033e2                mmEffectScaleRate
                0x00000000020033ec                mmEffectRelease
                0x00000000020033f2                mmEffectCancel
                0x00000000020033f8                mmEffectEx
                0x0000000002003436                mmEffectCancelAll
                0x000000000200343a                mmReverbEnable
                0x000000000200343e                mmReverbDisable
                0x0000000002003442                mmReverbConfigure
                0x000000000200349e                mmReverbStart
                0x00000000020034a2                mmReverbStop
 .text          0x00000000020034f0      0x120 C:/devkitPro/libnds/lib\libmm9.a(mm_memory.o)
                0x00000000020034f0                mmLoad
                0x0000000002003540                mmUnload
                0x0000000002003598                mmLoadEffect
                0x00000000020035d0                mmUnloadEffect
 .text          0x0000000002003610      0x108 C:/devkitPro/libnds/lib\libmm9.a(mm_main9.o)
                0x0000000002003610                mmActive
                0x0000000002003616                mmSetEventHandler
                0x000000000200361c                mmInit
                0x0000000002003646                mmInitDefault
                0x0000000002003690                mmInitDefaultMem
                0x00000000020036b2                mmSuspendIRQ_t
                0x00000000020036d0                mmRestoreIRQ_t
 .text          0x0000000002003718      0x100 C:/devkitPro/libnds/lib\libmm9.a(mm_soundbank.o)
                0x0000000002003718                mmSoundBankInMemory
                0x0000000002003720                mmSoundBankInFiles
                0x0000000002003732                mmSetCustomSoundBankHandler
                0x000000000200375e                mmsHandleFileOp
 .text          0x0000000002003818       0x3c C:/devkitPro/libnds/lib\libmm9.a(mm_flusher.o)
                0x0000000002003818                mmFlushBank
 .text          0x0000000002003854      0x290 c:/devkitpro/devkitarm/bin/../lib/gcc/arm-none-eabi/12.1.0/thumb\libgcc.a(_arm_muldf3.o)
                0x0000000002003854                __muldf3
                0x0000000002003854                __aeabi_dmul
 .text          0x0000000002003ae4      0x150 c:/devkitpro/devkitarm/bin/../lib/gcc/arm-none-eabi/12.1.0/thumb\libgcc.a(_divsi3.o)
                0x0000000002003ae4                __divsi3
                0x0000000002003ae4                __aeabi_idiv
                0x0000000002003c14                __aeabi_idivmod
 .text          0x0000000002003c34        0x4 c:/devkitpro/devkitarm/bin/../lib/gcc/arm-none-eabi/12.1.0/thumb\libgcc.a(_dvmd_tls.o)
                0x0000000002003c34                __aeabi_idiv0
                0x0000000002003c34                __aeabi_ldiv0
 .text          0x0000000002003c38      0x424 c:/devkitpro/devkitarm/bin/../lib/gcc/arm-none-eabi/12.1.0/thumb\libgcc.a(_arm_addsubdf3.o)
                0x0000000002003c38                __aeabi_drsub
                0x0000000002003c40                __aeabi_dsub
                0x0000000002003c40                __subdf3
                0x0000000002003c44                __aeabi_dadd
                0x0000000002003c44                __adddf3
                0x0000000002003f54                __floatunsidf
                0x0000000002003f54                __aeabi_ui2d
                0x0000000002003f78                __floatsidf
                0x0000000002003f78                __aeabi_i2d
                0x0000000002003fa0                __aeabi_f2d
                0x0000000002003fa0                __extendsfdf2
                0x0000000002003fe8                __floatundidf
                0x0000000002003fe8                __aeabi_ul2d
                0x0000000002003ffc                __floatdidf
                0x0000000002003ffc                __aeabi_l2d
 .text          0x000000000200405c       0x5c c:/devkitpro/devkitarm/bin/../lib/gcc/arm-none-eabi/12.1.0/thumb\libgcc.a(_arm_fixdfsi.o)
                0x000000000200405c                __aeabi_d2iz
                0x000000000200405c                __fixdfsi
 .text          0x00000000020040b8      0x2ac c:/devkitpro/devkitarm/bin/../lib/gcc/arm-none-eabi/12.1.0/thumb\libgcc.a(_arm_addsubsf3.o)
                0x00000000020040b8                __aeabi_frsub
                0x00000000020040c0                __subsf3
                0x00000000020040c0                __aeabi_fsub
                0x00000000020040c4                __aeabi_fadd
                0x00000000020040c4                __addsf3
                0x0000000002004280                __aeabi_ui2f
                0x0000000002004280                __floatunsisf
                0x0000000002004288                __aeabi_i2f
                0x0000000002004288                __floatsisf
                0x00000000020042a8                __aeabi_ul2f
                0x00000000020042a8                __floatundisf
                0x00000000020042b8                __aeabi_l2f
                0x00000000020042b8                __floatdisf
 .text          0x0000000002004364      0x2f8 c:/devkitpro/devkitarm/bin/../lib/gcc/arm-none-eabi/12.1.0/thumb\libgcc.a(_arm_muldivsf3.o)
                0x0000000002004364                __mulsf3
                0x0000000002004364                __aeabi_fmul
                0x00000000020044fc                __aeabi_fdiv
                0x00000000020044fc                __divsf3
 .text          0x000000000200465c      0x114 c:/devkitpro/devkitarm/bin/../lib/gcc/arm-none-eabi/12.1.0/thumb\libgcc.a(_arm_cmpsf2.o)
                0x000000000200465c                __gesf2
                0x000000000200465c                __gtsf2
                0x0000000002004664                __lesf2
                0x0000000002004664                __ltsf2
                0x000000000200466c                __nesf2
                0x000000000200466c                __eqsf2
                0x000000000200466c                __cmpsf2
                0x00000000020046d0                __aeabi_cfrcmple
                0x00000000020046e0                __aeabi_cfcmpeq
                0x00000000020046e0                __aeabi_cfcmple
                0x00000000020046f8                __aeabi_fcmpeq
                0x0000000002004710                __aeabi_fcmplt
                0x0000000002004728                __aeabi_fcmple
                0x0000000002004740                __aeabi_fcmpge
                0x0000000002004758                __aeabi_fcmpgt
 .text          0x0000000002004770      0x1d8 c:/devkitpro/devkitarm/bin/../lib/gcc/arm-none-eabi/12.1.0/thumb\libgcc.a(libunwind.o)
                0x0000000002004770                __restore_core_regs
                0x0000000002004770                restore_core_regs
                0x000000000200478c                __gnu_Unwind_Restore_VFP
                0x0000000002004794                __gnu_Unwind_Save_VFP
                0x000000000200479c                __gnu_Unwind_Restore_VFP_D
                0x00000000020047a4                __gnu_Unwind_Save_VFP_D
                0x00000000020047ac                __gnu_Unwind_Restore_VFP_D_16_to_31
                0x00000000020047b4                __gnu_Unwind_Save_VFP_D_16_to_31
                0x00000000020047bc                __gnu_Unwind_Restore_WMMXD
                0x0000000002004800                __gnu_Unwind_Save_WMMXD
                0x0000000002004844                __gnu_Unwind_Restore_WMMXC
                0x0000000002004858                __gnu_Unwind_Save_WMMXC
                0x000000000200486c                ___Unwind_RaiseException
                0x000000000200486c                _Unwind_RaiseException
                0x0000000002004898                _Unwind_Resume
                0x0000000002004898                ___Unwind_Resume
                0x00000000020048c4                _Unwind_Resume_or_Rethrow
                0x00000000020048c4                ___Unwind_Resume_or_Rethrow
                0x00000000020048f0                _Unwind_ForcedUnwind
                0x00000000020048f0                ___Unwind_ForcedUnwind
                0x000000000200491c                ___Unwind_Backtrace
                0x000000000200491c                _Unwind_Backtrace
 .text          0x0000000002004948      0x224 c:/devkitpro/devkitarm/bin/../lib/gcc/arm-none-eabi/12.1.0/../../../../arm-none-eabi/lib/thumb\libg.a(lib_a-strcmp.o)
                0x0000000002004948                strcmp
 .text          0x0000000002004b6c       0x14 c:/devkitpro/devkitarm/bin/../lib/gcc/arm-none-eabi/12.1.0/thumb\libgcc.a(_thumb1_case_uqi.o)
                0x0000000002004b6c                __gnu_thumb1_case_uqi
 .text          0x0000000002004b80       0x14 c:/devkitpro/devkitarm/bin/../lib/gcc/arm-none-eabi/12.1.0/thumb\libgcc.a(_thumb1_case_uhi.o)
                0x0000000002004b80                __gnu_thumb1_case_uhi
 .text          0x0000000002004b94      0x11c c:/devkitpro/devkitarm/bin/../lib/gcc/arm-none-eabi/12.1.0/thumb\libgcc.a(_udivsi3.o)
                0x0000000002004b94                __aeabi_uidiv
                0x0000000002004b94                __udivsi3
                0x0000000002004c90                __aeabi_uidivmod
 .text          0x0000000002004cb0       0x3c c:/devkitpro/devkitarm/bin/../lib/gcc/arm-none-eabi/12.1.0/thumb\libgcc.a(_aeabi_uldivmod.o)
                0x0000000002004cb0                __aeabi_uldivmod
 .text          0x0000000002004cec       0x28 c:/devkitpro/devkitarm/bin/../lib/gcc/arm-none-eabi/12.1.0/thumb\libgcc.a(_clzdi2.o)
                0x0000000002004cec                __clzdi2
 .text          0x0000000002004d14       0x48 c:/devkitpro/devkitarm/bin/../lib/gcc/arm-none-eabi/12.1.0/thumb\libgcc.a(_clzsi2.o)
                0x0000000002004d14                __clzsi2
 *(EXCLUDE_FILE(*.twl* *.vectors* *.itcm*) .stub)
 *(EXCLUDE_FILE(*.twl* *.vectors* *.itcm*) .text.*)
 .text.__do_global_dtors_aux
                0x0000000002004d5c       0x2c c:/devkitpro/devkitarm/bin/../lib/gcc/arm-none-eabi/12.1.0/thumb/crtbegin.o
 .text.frame_dummy
                0x0000000002004d88       0x24 c:/devkitpro/devkitarm/bin/../lib/gcc/arm-none-eabi/12.1.0/thumb/crtbegin.o
 .text._ZN5Drops7MostrarEv
                0x0000000002004dac      0x168 main.o
                0x0000000002004dac                Drops::Mostrar()
 .text._ZN7Jugador7mostrarEv
                0x0000000002004f14      0x118 main.o
                0x0000000002004f14                Jugador::mostrar()
 .text._ZN7Jugador6chutarEv
                0x000000000200502c      0x158 main.o
                0x000000000200502c                Jugador::chutar()
 .text._ZN7Jugador5moverEi
                0x0000000002005184      0x244 main.o
                0x0000000002005184                Jugador::mover(int)
 .text.startup  0x00000000020053c8       0x84 main.o
                0x00000000020053c8                main
 .text.newRow   0x000000000200544c       0xa8 C:/devkitPro/libnds/lib\libnds9.a(console.o)
 .text.consolePrintChar
                0x00000000020054f4       0xe0 C:/devkitPro/libnds/lib\libnds9.a(console.o)
                0x00000000020054f4                consolePrintChar
 .text.con_write
                0x00000000020055d4      0x36c C:/devkitPro/libnds/lib\libnds9.a(console.o)
                0x00000000020055d4                con_write
 .text.consoleLoadFont
                0x0000000002005940      0x2a0 C:/devkitPro/libnds/lib\libnds9.a(console.o)
                0x0000000002005940                consoleLoadFont
 .text.consoleInit
                0x0000000002005be0      0x18c C:/devkitPro/libnds/lib\libnds9.a(console.o)
                0x0000000002005be0                consoleInit
 .text.consoleDemoInit
                0x0000000002005d6c       0x40 C:/devkitPro/libnds/lib\libnds9.a(console.o)
                0x0000000002005d6c                consoleDemoInit
 .text.consoleClear
                0x0000000002005dac       0x10 C:/devkitPro/libnds/lib\libnds9.a(console.o)
                0x0000000002005dac                consoleClear
 .text.__syscall_exit
                0x0000000002005dbc        0x8 C:/devkitPro/libnds/lib\libnds9.a(initSystem.o)
                0x0000000002005dbc                __syscall_exit
 .text.initSystem
                0x0000000002005dc4      0x180 C:/devkitPro/libnds/lib\libnds9.a(initSystem.o)
                0x0000000002005dc4                initSystem
 .text.irqDummy
                0x0000000002005f44        0x4 C:/devkitPro/libnds/lib\libnds9.a(interrupts.o)
                0x0000000002005f44                irqDummy
 .text.irqSet   0x0000000002005f48       0x6c C:/devkitPro/libnds/lib\libnds9.a(interrupts.o)
                0x0000000002005f48                irqSet
 .text.irqInit  0x0000000002005fb4       0x50 C:/devkitPro/libnds/lib\libnds9.a(interrupts.o)
                0x0000000002005fb4                irqInit
 .text.irqEnable
                0x0000000002006004       0x64 C:/devkitPro/libnds/lib\libnds9.a(interrupts.o)
                0x0000000002006004                irqEnable
 .text.irqDisable
                0x0000000002006068       0x64 C:/devkitPro/libnds/lib\libnds9.a(interrupts.o)
                0x0000000002006068                irqDisable
 .text.systemErrorExit
                0x00000000020060cc        0x4 C:/devkitPro/libnds/lib\libnds9.a(libnds_exit.arm.o)
                0x00000000020060cc                systemErrorExit
 .text.__libnds_exit
                0x00000000020060d0       0x5c C:/devkitPro/libnds/lib\libnds9.a(libnds_exit.arm.o)
                0x00000000020060d0                __libnds_exit
 .text.fifo_queueBlock
                0x000000000200612c       0x44 C:/devkitPro/libnds/lib\libnds9.a(fifosystem.o)
 .text.fifo_waitBlock
                0x0000000002006170       0x80 C:/devkitPro/libnds/lib\libnds9.a(fifosystem.o)
 .text.fifoInternalSend.part.0
                0x00000000020061f0       0xd4 C:/devkitPro/libnds/lib\libnds9.a(fifosystem.o)
 .text.fifoInternalSendInterrupt
                0x00000000020062c4       0xb0 C:/devkitPro/libnds/lib\libnds9.a(fifosystem.o)
 .text.fifoSetValue32Handler
                0x0000000002006374       0xd4 C:/devkitPro/libnds/lib\libnds9.a(fifosystem.o)
                0x0000000002006374                fifoSetValue32Handler
 .text.fifoSendValue32
                0x0000000002006448       0x4c C:/devkitPro/libnds/lib\libnds9.a(fifosystem.o)
                0x0000000002006448                fifoSendValue32
 .text.fifoSendDatamsg
                0x0000000002006494       0x90 C:/devkitPro/libnds/lib\libnds9.a(fifosystem.o)
                0x0000000002006494                fifoSendDatamsg
 .text.fifoGetDatamsg
                0x0000000002006524       0xf4 C:/devkitPro/libnds/lib\libnds9.a(fifosystem.o)
                0x0000000002006524                fifoGetDatamsg
 .text.fifoInternalRecvInterrupt
                0x0000000002006618      0x37c C:/devkitPro/libnds/lib\libnds9.a(fifosystem.o)
 .text.fifoSetDatamsgHandler
                0x0000000002006994       0x9c C:/devkitPro/libnds/lib\libnds9.a(fifosystem.o)
                0x0000000002006994                fifoSetDatamsgHandler
 .text.fifoInit
                0x0000000002006a30      0x108 C:/devkitPro/libnds/lib\libnds9.a(fifosystem.o)
                0x0000000002006a30                fifoInit
 .text.__libnds_mpu_setup
                0x0000000002006b38      0x174 C:/devkitPro/libnds/lib\libnds9.a(mpu_setup.o)
                0x0000000002006b38                __libnds_mpu_setup
 .text.memUncached
                0x0000000002006cac       0x20 C:/devkitPro/libnds/lib\libnds9.a(mpu_setup.o)
                0x0000000002006cac                memUncached
 .text.swiWaitForVBlank
                0x0000000002006ccc        0x8 C:/devkitPro/libnds/lib\libnds9.a(IntrWait.o)
                0x0000000002006ccc                swiWaitForVBlank
 .text.swiIntrWait
                0x0000000002006cd4       0x70 C:/devkitPro/libnds/lib\libnds9.a(IntrWait.o)
                0x0000000002006cd4                swiIntrWait
 .text.setCpuClock
                0x0000000002006d44       0x50 C:/devkitPro/libnds/lib\libnds9.a(cpu_clock.o)
                0x0000000002006d44                setCpuClock
 .text.swiSoftReset
                0x0000000002006d94       0x2c C:/devkitPro/libnds/lib\libnds9.a(swiSoftReset.o)
                0x0000000002006d94                swiSoftReset
 .text.checkIfText
                0x0000000002006dc0       0x5c C:/devkitPro/libnds/lib\libnds9.a(background.o)
                0x0000000002006dc0                checkIfText
 .text.bgUpdate
                0x0000000002006e1c       0xf4 C:/devkitPro/libnds/lib\libnds9.a(background.o)
                0x0000000002006e1c                bgUpdate
 .text.bgInit_call
                0x0000000002006f10       0xc4 C:/devkitPro/libnds/lib\libnds9.a(background.o)
                0x0000000002006f10                bgInit_call
 .text.bgInitSub_call
                0x0000000002006fd4       0xcc C:/devkitPro/libnds/lib\libnds9.a(background.o)
                0x0000000002006fd4                bgInitSub_call
 .text.sinLutLookup
                0x00000000020070a0       0x4c C:/devkitPro/libnds/lib\libnds9.a(trig.o)
                0x00000000020070a0                sinLutLookup
 .text.sinLerp  0x00000000020070ec       0x40 C:/devkitPro/libnds/lib\libnds9.a(trig.o)
                0x00000000020070ec                sinLerp
 .text.cosLerp  0x000000000200712c       0x4c C:/devkitPro/libnds/lib\libnds9.a(trig.o)
                0x000000000200712c                cosLerp
 .text.vramDefault
                0x0000000002007178       0xd0 C:/devkitPro/libnds/lib\libnds9.a(video.o)
                0x0000000002007178                vramDefault
 .text.systemValueHandler
                0x0000000002007248       0x48 C:/devkitPro/libnds/lib\libnds9.a(system.o)
                0x0000000002007248                systemValueHandler
 .text.systemMsgHandler
                0x0000000002007290       0x60 C:/devkitPro/libnds/lib\libnds9.a(system.o)
                0x0000000002007290                systemMsgHandler
 .text.powerOn  0x00000000020072f0       0x2c C:/devkitPro/libnds/lib\libnds9.a(system.o)
                0x00000000020072f0                powerOn
 .text.swiDelay
                0x000000000200731c        0x4 C:/devkitPro/libnds/lib\libnds9.a(biosCalls.o)
                0x000000000200731c                swiDelay
 .text._Znwj    0x0000000002007320       0x48 c:/devkitpro/devkitarm/bin/../lib/gcc/arm-none-eabi/12.1.0/../../../../arm-none-eabi/lib/thumb\libstdc++.a(new_op.o)
                0x0000000002007320                operator new(unsigned int)
 .text._ZNKSt9bad_alloc4whatEv
                0x0000000002007368        0x8 c:/devkitpro/devkitarm/bin/../lib/gcc/arm-none-eabi/12.1.0/../../../../arm-none-eabi/lib/thumb\libstdc++.a(bad_alloc.o)
                0x0000000002007368                std::bad_alloc::what() const
 .text._ZNSt9bad_allocD2Ev
                0x0000000002007370       0x18 c:/devkitpro/devkitarm/bin/../lib/gcc/arm-none-eabi/12.1.0/../../../../arm-none-eabi/lib/thumb\libstdc++.a(bad_alloc.o)
                0x0000000002007370                std::bad_alloc::~bad_alloc()
                0x0000000002007370                std::bad_alloc::~bad_alloc()
 .text._ZNSt9bad_allocD0Ev
                0x0000000002007388       0x20 c:/devkitpro/devkitarm/bin/../lib/gcc/arm-none-eabi/12.1.0/../../../../arm-none-eabi/lib/thumb\libstdc++.a(bad_alloc.o)
                0x0000000002007388                std::bad_alloc::~bad_alloc()
 .text._ZdlPvj  0x00000000020073a8        0xc c:/devkitpro/devkitarm/bin/../lib/gcc/arm-none-eabi/12.1.0/../../../../arm-none-eabi/lib/thumb\libstdc++.a(del_ops.o)
                0x00000000020073a8                operator delete(void*, unsigned int)
 .text._ZN12_GLOBAL__N_14pool4freeEPv.constprop.0
                0x00000000020073b4       0x70 c:/devkitpro/devkitarm/bin/../lib/gcc/arm-none-eabi/12.1.0/../../../../arm-none-eabi/lib/thumb\libstdc++.a(eh_alloc.o)
 .text._ZN12_GLOBAL__N_14pool8allocateEj.constprop.0
                0x0000000002007424       0x54 c:/devkitpro/devkitarm/bin/../lib/gcc/arm-none-eabi/12.1.0/../../../../arm-none-eabi/lib/thumb\libstdc++.a(eh_alloc.o)
 .text.__cxa_allocate_exception
                0x0000000002007478       0x30 c:/devkitpro/devkitarm/bin/../lib/gcc/arm-none-eabi/12.1.0/../../../../arm-none-eabi/lib/thumb\libstdc++.a(eh_alloc.o)
                0x0000000002007478                __cxa_allocate_exception
 .text.__cxa_free_exception
                0x00000000020074a8       0x28 c:/devkitpro/devkitarm/bin/../lib/gcc/arm-none-eabi/12.1.0/../../../../arm-none-eabi/lib/thumb\libstdc++.a(eh_alloc.o)
                0x00000000020074a8                __cxa_free_exception
 .text.startup._GLOBAL__sub_I__ZN9__gnu_cxx9__freeresEv
                0x00000000020074d0       0x2c c:/devkitpro/devkitarm/bin/../lib/gcc/arm-none-eabi/12.1.0/../../../../arm-none-eabi/lib/thumb\libstdc++.a(eh_alloc.o)
 .text._ZNSt9exceptionD2Ev
                0x00000000020074fc        0x4 c:/devkitpro/devkitarm/bin/../lib/gcc/arm-none-eabi/12.1.0/../../../../arm-none-eabi/lib/thumb\libstdc++.a(eh_exception.o)
                0x00000000020074fc                std::exception::~exception()
                0x00000000020074fc                std::exception::~exception()
 .text._ZNSt13bad_exceptionD2Ev
                0x0000000002007500        0x4 c:/devkitpro/devkitarm/bin/../lib/gcc/arm-none-eabi/12.1.0/../../../../arm-none-eabi/lib/thumb\libstdc++.a(eh_exception.o)
                0x0000000002007500                std::bad_exception::~bad_exception()
                0x0000000002007500                std::bad_exception::~bad_exception()
 .text._ZNKSt13bad_exception4whatEv
                0x0000000002007504        0x8 c:/devkitpro/devkitarm/bin/../lib/gcc/arm-none-eabi/12.1.0/../../../../arm-none-eabi/lib/thumb\libstdc++.a(eh_exception.o)
                0x0000000002007504                std::bad_exception::what() const
                0x0000000002007504                transaction clone for std::bad_exception::what() const
 .text._ZNSt13bad_exceptionD0Ev
                0x000000000200750c       0x14 c:/devkitpro/devkitarm/bin/../lib/gcc/arm-none-eabi/12.1.0/../../../../arm-none-eabi/lib/thumb\libstdc++.a(eh_exception.o)
                0x000000000200750c                std::bad_exception::~bad_exception()
 .text._ZN10__cxxabiv111__terminateEPFvvE
                0x0000000002007520       0x14 c:/devkitpro/devkitarm/bin/../lib/gcc/arm-none-eabi/12.1.0/../../../../arm-none-eabi/lib/thumb\libstdc++.a(eh_terminate.o)
                0x0000000002007520                __cxxabiv1::__terminate(void (*)())
 .text._ZSt9terminatev
                0x0000000002007534       0x10 c:/devkitpro/devkitarm/bin/../lib/gcc/arm-none-eabi/12.1.0/../../../../arm-none-eabi/lib/thumb\libstdc++.a(eh_terminate.o)
                0x0000000002007534                std::terminate()
 .text._ZN10__cxxabiv112__unexpectedEPFvvE
                0x0000000002007544        0xc c:/devkitpro/devkitarm/bin/../lib/gcc/arm-none-eabi/12.1.0/../../../../arm-none-eabi/lib/thumb\libstdc++.a(eh_terminate.o)
                0x0000000002007544                __cxxabiv1::__unexpected(void (*)())
 .text._ZSt10unexpectedv
                0x0000000002007550       0x10 c:/devkitpro/devkitarm/bin/../lib/gcc/arm-none-eabi/12.1.0/../../../../arm-none-eabi/lib/thumb\libstdc++.a(eh_terminate.o)
                0x0000000002007550                std::unexpected()
 .text._ZSt13get_terminatev
                0x0000000002007560        0xc c:/devkitpro/devkitarm/bin/../lib/gcc/arm-none-eabi/12.1.0/../../../../arm-none-eabi/lib/thumb\libstdc++.a(eh_terminate.o)
                0x0000000002007560                std::get_terminate()
 .text._ZSt14get_unexpectedv
                0x000000000200756c        0xc c:/devkitpro/devkitarm/bin/../lib/gcc/arm-none-eabi/12.1.0/../../../../arm-none-eabi/lib/thumb\libstdc++.a(eh_terminate.o)
                0x000000000200756c                std::get_unexpected()
 .text._ZL23__gxx_exception_cleanup19_Unwind_Reason_CodeP21_Unwind_Control_Block
                0x0000000002007578       0x3c c:/devkitpro/devkitarm/bin/../lib/gcc/arm-none-eabi/12.1.0/../../../../arm-none-eabi/lib/thumb\libstdc++.a(eh_throw.o)
 .text.__cxa_init_primary_exception
                0x00000000020075b4       0x50 c:/devkitpro/devkitarm/bin/../lib/gcc/arm-none-eabi/12.1.0/../../../../arm-none-eabi/lib/thumb\libstdc++.a(eh_throw.o)
                0x00000000020075b4                __cxa_init_primary_exception
 .text.__cxa_throw
                0x0000000002007604       0x34 c:/devkitpro/devkitarm/bin/../lib/gcc/arm-none-eabi/12.1.0/../../../../arm-none-eabi/lib/thumb\libstdc++.a(eh_throw.o)
                0x0000000002007604                __cxa_throw
 .text.__cxa_rethrow
                0x0000000002007638       0x70 c:/devkitpro/devkitarm/bin/../lib/gcc/arm-none-eabi/12.1.0/../../../../arm-none-eabi/lib/thumb\libstdc++.a(eh_throw.o)
                0x0000000002007638                __cxa_rethrow
 .text._ZSt15get_new_handlerv
                0x00000000020076a8        0xc c:/devkitpro/devkitarm/bin/../lib/gcc/arm-none-eabi/12.1.0/../../../../arm-none-eabi/lib/thumb\libstdc++.a(new_handler.o)
                0x00000000020076a8                std::get_new_handler()
 .text._ZN10__cxxabiv120__si_class_type_infoD2Ev
                0x00000000020076b4       0x18 c:/devkitpro/devkitarm/bin/../lib/gcc/arm-none-eabi/12.1.0/../../../../arm-none-eabi/lib/thumb\libstdc++.a(si_class_type_info.o)
                0x00000000020076b4                __cxxabiv1::__si_class_type_info::~__si_class_type_info()
                0x00000000020076b4                __cxxabiv1::__si_class_type_info::~__si_class_type_info()
 .text._ZN10__cxxabiv120__si_class_type_infoD0Ev
                0x00000000020076cc       0x20 c:/devkitpro/devkitarm/bin/../lib/gcc/arm-none-eabi/12.1.0/../../../../arm-none-eabi/lib/thumb\libstdc++.a(si_class_type_info.o)
                0x00000000020076cc                __cxxabiv1::__si_class_type_info::~__si_class_type_info()
 .text._ZNK10__cxxabiv120__si_class_type_info20__do_find_public_srcEiPKvPKNS_17__class_type_infoES2_
                0x00000000020076ec       0x40 c:/devkitpro/devkitarm/bin/../lib/gcc/arm-none-eabi/12.1.0/../../../../arm-none-eabi/lib/thumb\libstdc++.a(si_class_type_info.o)
                0x00000000020076ec                __cxxabiv1::__si_class_type_info::__do_find_public_src(int, void const*, __cxxabiv1::__class_type_info const*, void const*) const
 .text._ZNK10__cxxabiv120__si_class_type_info12__do_dyncastEiNS_17__class_type_info10__sub_kindEPKS1_PKvS4_S6_RNS1_16__dyncast_resultE
                0x000000000200772c       0x90 c:/devkitpro/devkitarm/bin/../lib/gcc/arm-none-eabi/12.1.0/../../../../arm-none-eabi/lib/thumb\libstdc++.a(si_class_type_info.o)
                0x000000000200772c                __cxxabiv1::__si_class_type_info::__do_dyncast(int, __cxxabiv1::__class_type_info::__sub_kind, __cxxabiv1::__class_type_info const*, void const*, __cxxabiv1::__class_type_info const*, void const*, __cxxabiv1::__class_type_info::__dyncast_result&) const
 .text._ZNK10__cxxabiv120__si_class_type_info11__do_upcastEPKNS_17__class_type_infoEPKvRNS1_15__upcast_resultE
                0x00000000020077bc       0x2c c:/devkitpro/devkitarm/bin/../lib/gcc/arm-none-eabi/12.1.0/../../../../arm-none-eabi/lib/thumb\libstdc++.a(si_class_type_info.o)
                0x00000000020077bc                __cxxabiv1::__si_class_type_info::__do_upcast(__cxxabiv1::__class_type_info const*, void const*, __cxxabiv1::__class_type_info::__upcast_result&) const
 .text._ZNSt9type_infoD2Ev
                0x00000000020077e8        0x4 c:/devkitpro/devkitarm/bin/../lib/gcc/arm-none-eabi/12.1.0/../../../../arm-none-eabi/lib/thumb\libstdc++.a(tinfo.o)
                0x00000000020077e8                std::type_info::~type_info()
                0x00000000020077e8                std::type_info::~type_info()
 .text._ZNKSt9type_info14__is_pointer_pEv
                0x00000000020077ec        0x4 c:/devkitpro/devkitarm/bin/../lib/gcc/arm-none-eabi/12.1.0/../../../../arm-none-eabi/lib/thumb\libstdc++.a(tinfo.o)
                0x00000000020077ec                std::type_info::__is_pointer_p() const
                0x00000000020077ec                std::type_info::__is_function_p() const
 .text._ZNKSt9type_infoeqERKS_
                0x00000000020077f0       0x30 c:/devkitpro/devkitarm/bin/../lib/gcc/arm-none-eabi/12.1.0/../../../../arm-none-eabi/lib/thumb\libstdc++.a(tinfo.o)
                0x00000000020077f0                std::type_info::operator==(std::type_info const&) const
                0x00000000020077f0                std::type_info::__equal(std::type_info const&) const
 .text._ZNK10__cxxabiv117__class_type_info11__do_upcastEPKS0_PPv
                0x0000000002007820       0x3c c:/devkitpro/devkitarm/bin/../lib/gcc/arm-none-eabi/12.1.0/../../../../arm-none-eabi/lib/thumb\libstdc++.a(class_type_info.o)
                0x0000000002007820                __cxxabiv1::__class_type_info::__do_upcast(__cxxabiv1::__class_type_info const*, void**) const
 .text._ZNK10__cxxabiv117__class_type_info20__do_find_public_srcEiPKvPKS0_S2_
                0x000000000200785c       0x14 c:/devkitpro/devkitarm/bin/../lib/gcc/arm-none-eabi/12.1.0/../../../../arm-none-eabi/lib/thumb\libstdc++.a(class_type_info.o)
                0x000000000200785c                __cxxabiv1::__class_type_info::__do_find_public_src(int, void const*, __cxxabiv1::__class_type_info const*, void const*) const
 .text._ZN10__cxxabiv117__class_type_infoD2Ev
                0x0000000002007870       0x18 c:/devkitpro/devkitarm/bin/../lib/gcc/arm-none-eabi/12.1.0/../../../../arm-none-eabi/lib/thumb\libstdc++.a(class_type_info.o)
                0x0000000002007870                __cxxabiv1::__class_type_info::~__class_type_info()
                0x0000000002007870                __cxxabiv1::__class_type_info::~__class_type_info()
 .text._ZN10__cxxabiv117__class_type_infoD0Ev
                0x0000000002007888       0x20 c:/devkitpro/devkitarm/bin/../lib/gcc/arm-none-eabi/12.1.0/../../../../arm-none-eabi/lib/thumb\libstdc++.a(class_type_info.o)
                0x0000000002007888                __cxxabiv1::__class_type_info::~__class_type_info()
 .text._ZNK10__cxxabiv117__class_type_info12__do_dyncastEiNS0_10__sub_kindEPKS0_PKvS3_S5_RNS0_16__dyncast_resultE
                0x00000000020078a8       0x44 c:/devkitpro/devkitarm/bin/../lib/gcc/arm-none-eabi/12.1.0/../../../../arm-none-eabi/lib/thumb\libstdc++.a(class_type_info.o)
                0x00000000020078a8                __cxxabiv1::__class_type_info::__do_dyncast(int, __cxxabiv1::__class_type_info::__sub_kind, __cxxabiv1::__class_type_info const*, void const*, __cxxabiv1::__class_type_info const*, void const*, __cxxabiv1::__class_type_info::__dyncast_result&) const
 .text._ZNK10__cxxabiv117__class_type_info11__do_upcastEPKS0_PKvRNS0_15__upcast_resultE
                0x00000000020078ec       0x20 c:/devkitpro/devkitarm/bin/../lib/gcc/arm-none-eabi/12.1.0/../../../../arm-none-eabi/lib/thumb\libstdc++.a(class_type_info.o)
                0x00000000020078ec                __cxxabiv1::__class_type_info::__do_upcast(__cxxabiv1::__class_type_info const*, void const*, __cxxabiv1::__class_type_info::__upcast_result&) const
 .text._ZNK10__cxxabiv117__class_type_info10__do_catchEPKSt9type_infoPPvj
                0x000000000200790c       0x2c c:/devkitpro/devkitarm/bin/../lib/gcc/arm-none-eabi/12.1.0/../../../../arm-none-eabi/lib/thumb\libstdc++.a(class_type_info.o)
                0x000000000200790c                __cxxabiv1::__class_type_info::__do_catch(std::type_info const*, void**, unsigned int) const
 .text._ZdlPv   0x0000000002007938        0xc c:/devkitpro/devkitarm/bin/../lib/gcc/arm-none-eabi/12.1.0/../../../../arm-none-eabi/lib/thumb\libstdc++.a(del_op.o)
                0x0000000002007938                operator delete(void*)
 .text.__cxa_begin_catch
                0x0000000002007944       0x78 c:/devkitpro/devkitarm/bin/../lib/gcc/arm-none-eabi/12.1.0/../../../../arm-none-eabi/lib/thumb\libstdc++.a(eh_catch.o)
                0x0000000002007944                __cxa_begin_catch
 .text.__cxa_end_catch
                0x00000000020079bc       0x94 c:/devkitpro/devkitarm/bin/../lib/gcc/arm-none-eabi/12.1.0/../../../../arm-none-eabi/lib/thumb\libstdc++.a(eh_catch.o)
                0x00000000020079bc                __cxa_end_catch
 .text.__cxa_get_globals_fast
                0x0000000002007a50        0x8 c:/devkitpro/devkitarm/bin/../lib/gcc/arm-none-eabi/12.1.0/../../../../arm-none-eabi/lib/thumb\libstdc++.a(eh_globals.o)
                0x0000000002007a50                __cxa_get_globals_fast
 .text.__cxa_get_globals
                0x0000000002007a58        0x8 c:/devkitpro/devkitarm/bin/../lib/gcc/arm-none-eabi/12.1.0/../../../../arm-none-eabi/lib/thumb\libstdc++.a(eh_globals.o)
                0x0000000002007a58                __cxa_get_globals
 .text._ZL28read_encoded_value_with_basehjPKhPj
                0x0000000002007a60      0x104 c:/devkitpro/devkitarm/bin/../lib/gcc/arm-none-eabi/12.1.0/../../../../arm-none-eabi/lib/thumb\libstdc++.a(eh_personality.o)
 .text._ZL21base_of_encoded_valuehP15_Unwind_Context
                0x0000000002007b64       0x44 c:/devkitpro/devkitarm/bin/../lib/gcc/arm-none-eabi/12.1.0/../../../../arm-none-eabi/lib/thumb\libstdc++.a(eh_personality.o)
 .text._ZL17parse_lsda_headerP15_Unwind_ContextPKhP16lsda_header_info
                0x0000000002007ba8       0x94 c:/devkitpro/devkitarm/bin/../lib/gcc/arm-none-eabi/12.1.0/../../../../arm-none-eabi/lib/thumb\libstdc++.a(eh_personality.o)
 .text.__gxx_personality_v0
                0x0000000002007c3c      0x49c c:/devkitpro/devkitarm/bin/../lib/gcc/arm-none-eabi/12.1.0/../../../../arm-none-eabi/lib/thumb\libstdc++.a(eh_personality.o)
                0x0000000002007c3c                __gxx_personality_v0
 .text.__cxa_end_cleanup
                0x00000000020080d8        0xc c:/devkitpro/devkitarm/bin/../lib/gcc/arm-none-eabi/12.1.0/../../../../arm-none-eabi/lib/thumb\libstdc++.a(eh_arm.o)
                0x00000000020080d8                __cxa_end_cleanup
 .text.__cxa_type_match
                0x00000000020080e4       0xc8 c:/devkitpro/devkitarm/bin/../lib/gcc/arm-none-eabi/12.1.0/../../../../arm-none-eabi/lib/thumb\libstdc++.a(eh_arm.o)
                0x00000000020080e4                __cxa_type_match
 .text.__cxa_begin_cleanup
                0x00000000020081ac       0x64 c:/devkitpro/devkitarm/bin/../lib/gcc/arm-none-eabi/12.1.0/../../../../arm-none-eabi/lib/thumb\libstdc++.a(eh_arm.o)
                0x00000000020081ac                __cxa_begin_cleanup
 .text.__gnu_end_cleanup
                0x0000000002008210       0x74 c:/devkitpro/devkitarm/bin/../lib/gcc/arm-none-eabi/12.1.0/../../../../arm-none-eabi/lib/thumb\libstdc++.a(eh_arm.o)
                0x0000000002008210                __gnu_end_cleanup
 .text._ZN10__cxxabiv1L24__is_gxx_exception_classEPc
                0x0000000002008284       0x3c c:/devkitpro/devkitarm/bin/../lib/gcc/arm-none-eabi/12.1.0/../../../../arm-none-eabi/lib/thumb\libstdc++.a(eh_call.o)
 .text.__cxa_call_terminate
                0x00000000020082c0       0x20 c:/devkitpro/devkitarm/bin/../lib/gcc/arm-none-eabi/12.1.0/../../../../arm-none-eabi/lib/thumb\libstdc++.a(eh_call.o)
                0x00000000020082c0                __cxa_call_terminate
 .text.unlikely.__cxa_call_unexpected
                0x00000000020082e0       0xf0 c:/devkitpro/devkitarm/bin/../lib/gcc/arm-none-eabi/12.1.0/../../../../arm-none-eabi/lib/thumb\libstdc++.a(eh_call.o)
                0x00000000020082e0                __cxa_call_unexpected
 .text.selfrel_offset31
                0x00000000020083d0       0x18 c:/devkitpro/devkitarm/bin/../lib/gcc/arm-none-eabi/12.1.0/thumb\libgcc.a(unwind-arm.o)
 .text.search_EIT_table
                0x00000000020083e8       0x74 c:/devkitpro/devkitarm/bin/../lib/gcc/arm-none-eabi/12.1.0/thumb\libgcc.a(unwind-arm.o)
 .text.__gnu_unwind_get_pr_addr
                0x000000000200845c       0x2c c:/devkitpro/devkitarm/bin/../lib/gcc/arm-none-eabi/12.1.0/thumb\libgcc.a(unwind-arm.o)
 .text.get_eit_entry
                0x0000000002008488       0x90 c:/devkitpro/devkitarm/bin/../lib/gcc/arm-none-eabi/12.1.0/thumb\libgcc.a(unwind-arm.o)
 .text.restore_non_core_regs
                0x0000000002008518       0x5c c:/devkitpro/devkitarm/bin/../lib/gcc/arm-none-eabi/12.1.0/thumb\libgcc.a(unwind-arm.o)
 .text._Unwind_decode_typeinfo_ptr.constprop.0
                0x0000000002008574        0xc c:/devkitpro/devkitarm/bin/../lib/gcc/arm-none-eabi/12.1.0/thumb\libgcc.a(unwind-arm.o)
 .text._Unwind_DebugHook
                0x0000000002008580        0x4 c:/devkitpro/devkitarm/bin/../lib/gcc/arm-none-eabi/12.1.0/thumb\libgcc.a(unwind-arm.o)
 .text.unwind_phase2
                0x0000000002008584       0x40 c:/devkitpro/devkitarm/bin/../lib/gcc/arm-none-eabi/12.1.0/thumb\libgcc.a(unwind-arm.o)
 .text.unwind_phase2_forced
                0x00000000020085c4       0xd8 c:/devkitpro/devkitarm/bin/../lib/gcc/arm-none-eabi/12.1.0/thumb\libgcc.a(unwind-arm.o)
 .text.__gnu_Unwind_RaiseException
                0x000000000200869c       0x58 c:/devkitpro/devkitarm/bin/../lib/gcc/arm-none-eabi/12.1.0/thumb\libgcc.a(unwind-arm.o)
                0x000000000200869c                __gnu_Unwind_RaiseException
 .text.__gnu_Unwind_ForcedUnwind
                0x00000000020086f4       0x18 c:/devkitpro/devkitarm/bin/../lib/gcc/arm-none-eabi/12.1.0/thumb\libgcc.a(unwind-arm.o)
                0x00000000020086f4                __gnu_Unwind_ForcedUnwind
 .text.__gnu_Unwind_Resume
                0x000000000200870c       0x4c c:/devkitpro/devkitarm/bin/../lib/gcc/arm-none-eabi/12.1.0/thumb\libgcc.a(unwind-arm.o)
                0x000000000200870c                __gnu_Unwind_Resume
 .text.__gnu_Unwind_Resume_or_Rethrow
                0x0000000002008758       0x20 c:/devkitpro/devkitarm/bin/../lib/gcc/arm-none-eabi/12.1.0/thumb\libgcc.a(unwind-arm.o)
                0x0000000002008758                __gnu_Unwind_Resume_or_Rethrow
 .text._Unwind_Complete
                0x0000000002008778        0x4 c:/devkitpro/devkitarm/bin/../lib/gcc/arm-none-eabi/12.1.0/thumb\libgcc.a(unwind-arm.o)
                0x0000000002008778                _Unwind_Complete
 .text._Unwind_DeleteException
                0x000000000200877c       0x18 c:/devkitpro/devkitarm/bin/../lib/gcc/arm-none-eabi/12.1.0/thumb\libgcc.a(unwind-arm.o)
                0x000000000200877c                _Unwind_DeleteException
 .text._Unwind_VRS_Get
                0x0000000002008794       0x38 c:/devkitpro/devkitarm/bin/../lib/gcc/arm-none-eabi/12.1.0/thumb\libgcc.a(unwind-arm.o)
                0x0000000002008794                _Unwind_VRS_Get
 .text._Unwind_GetGR
                0x00000000020087cc       0x1c c:/devkitpro/devkitarm/bin/../lib/gcc/arm-none-eabi/12.1.0/thumb\libgcc.a(unwind-arm.o)
 .text._Unwind_VRS_Set
                0x00000000020087e8       0x38 c:/devkitpro/devkitarm/bin/../lib/gcc/arm-none-eabi/12.1.0/thumb\libgcc.a(unwind-arm.o)
                0x00000000020087e8                _Unwind_VRS_Set
 .text._Unwind_SetGR
                0x0000000002008820       0x1c c:/devkitpro/devkitarm/bin/../lib/gcc/arm-none-eabi/12.1.0/thumb\libgcc.a(unwind-arm.o)
 .text.__gnu_Unwind_Backtrace
                0x000000000200883c       0x78 c:/devkitpro/devkitarm/bin/../lib/gcc/arm-none-eabi/12.1.0/thumb\libgcc.a(unwind-arm.o)
                0x000000000200883c                __gnu_Unwind_Backtrace
 .text.__gnu_unwind_pr_common
                0x00000000020088b4      0x2f0 c:/devkitpro/devkitarm/bin/../lib/gcc/arm-none-eabi/12.1.0/thumb\libgcc.a(unwind-arm.o)
 .text.__aeabi_unwind_cpp_pr0
                0x0000000002008ba4       0x10 c:/devkitpro/devkitarm/bin/../lib/gcc/arm-none-eabi/12.1.0/thumb\libgcc.a(unwind-arm.o)
                0x0000000002008ba4                __aeabi_unwind_cpp_pr0
 .text.__aeabi_unwind_cpp_pr1
                0x0000000002008bb4       0x10 c:/devkitpro/devkitarm/bin/../lib/gcc/arm-none-eabi/12.1.0/thumb\libgcc.a(unwind-arm.o)
                0x0000000002008bb4                __aeabi_unwind_cpp_pr1
 .text.__aeabi_unwind_cpp_pr2
                0x0000000002008bc4       0x10 c:/devkitpro/devkitarm/bin/../lib/gcc/arm-none-eabi/12.1.0/thumb\libgcc.a(unwind-arm.o)
                0x0000000002008bc4                __aeabi_unwind_cpp_pr2
 .text._Unwind_VRS_Pop
                0x0000000002008bd4      0x2bc c:/devkitpro/devkitarm/bin/../lib/gcc/arm-none-eabi/12.1.0/thumb\libgcc.a(unwind-arm.o)
                0x0000000002008bd4                _Unwind_VRS_Pop
 .text.next_unwind_byte
                0x0000000002008e90       0x34 c:/devkitpro/devkitarm/bin/../lib/gcc/arm-none-eabi/12.1.0/thumb\libgcc.a(pr-support.o)
 .text._Unwind_GetGR.constprop.0
                0x0000000002008ec4       0x1c c:/devkitpro/devkitarm/bin/../lib/gcc/arm-none-eabi/12.1.0/thumb\libgcc.a(pr-support.o)
 .text.unwind_UCB_from_context
                0x0000000002008ee0        0xc c:/devkitpro/devkitarm/bin/../lib/gcc/arm-none-eabi/12.1.0/thumb\libgcc.a(pr-support.o)
 .text.__gnu_unwind_execute
                0x0000000002008eec      0x2d0 c:/devkitpro/devkitarm/bin/../lib/gcc/arm-none-eabi/12.1.0/thumb\libgcc.a(pr-support.o)
                0x0000000002008eec                __gnu_unwind_execute
 .text.__gnu_unwind_frame
                0x00000000020091bc       0x2c c:/devkitpro/devkitarm/bin/../lib/gcc/arm-none-eabi/12.1.0/thumb\libgcc.a(pr-support.o)
                0x00000000020091bc                __gnu_unwind_frame
 .text._Unwind_GetRegionStart
                0x00000000020091e8       0x10 c:/devkitpro/devkitarm/bin/../lib/gcc/arm-none-eabi/12.1.0/thumb\libgcc.a(pr-support.o)
                0x00000000020091e8                _Unwind_GetRegionStart
 .text._Unwind_GetLanguageSpecificData
                0x00000000020091f8       0x18 c:/devkitpro/devkitarm/bin/../lib/gcc/arm-none-eabi/12.1.0/thumb\libgcc.a(pr-support.o)
                0x00000000020091f8                _Unwind_GetLanguageSpecificData
 .text.unlikely._Unwind_GetDataRelBase
                0x0000000002009210        0x6 c:/devkitpro/devkitarm/bin/../lib/gcc/arm-none-eabi/12.1.0/thumb\libgcc.a(pr-support.o)
                0x0000000002009210                _Unwind_GetDataRelBase
 .text.unlikely._Unwind_GetTextRelBase
                0x0000000002009216        0x6 c:/devkitpro/devkitarm/bin/../lib/gcc/arm-none-eabi/12.1.0/thumb\libgcc.a(pr-support.o)
                0x0000000002009216                _Unwind_GetTextRelBase
 .text.abort    0x000000000200921c       0x10 c:/devkitpro/devkitarm/bin/../lib/gcc/arm-none-eabi/12.1.0/../../../../arm-none-eabi/lib/thumb\libg.a(lib_a-abort.o)
                0x000000000200921c                abort
 .text._fclose_r
                0x000000000200922c       0xe4 c:/devkitpro/devkitarm/bin/../lib/gcc/arm-none-eabi/12.1.0/../../../../arm-none-eabi/lib/thumb\libg.a(lib_a-fclose.o)
                0x000000000200922c                _fclose_r
 .text.fclose   0x0000000002009310       0x14 c:/devkitpro/devkitarm/bin/../lib/gcc/arm-none-eabi/12.1.0/../../../../arm-none-eabi/lib/thumb\libg.a(lib_a-fclose.o)
                0x0000000002009310                fclose
 .text.__sflush_r
                0x0000000002009324      0x18c c:/devkitpro/devkitarm/bin/../lib/gcc/arm-none-eabi/12.1.0/../../../../arm-none-eabi/lib/thumb\libg.a(lib_a-fflush.o)
                0x0000000002009324                __sflush_r
 .text._fflush_r
                0x00000000020094b0       0x70 c:/devkitpro/devkitarm/bin/../lib/gcc/arm-none-eabi/12.1.0/../../../../arm-none-eabi/lib/thumb\libg.a(lib_a-fflush.o)
                0x00000000020094b0                _fflush_r
 .text.fflush   0x0000000002009520       0x2c c:/devkitpro/devkitarm/bin/../lib/gcc/arm-none-eabi/12.1.0/../../../../arm-none-eabi/lib/thumb\libg.a(lib_a-fflush.o)
                0x0000000002009520                fflush
 .text._cleanup_r
                0x000000000200954c       0x14 c:/devkitpro/devkitarm/bin/../lib/gcc/arm-none-eabi/12.1.0/../../../../arm-none-eabi/lib/thumb\libg.a(lib_a-findfp.o)
                0x000000000200954c                _cleanup_r
 .text.__sinit  0x0000000002009560      0x124 c:/devkitpro/devkitarm/bin/../lib/gcc/arm-none-eabi/12.1.0/../../../../arm-none-eabi/lib/thumb\libg.a(lib_a-findfp.o)
                0x0000000002009560                __sinit
 .text.__sfp    0x0000000002009684       0xd4 c:/devkitpro/devkitarm/bin/../lib/gcc/arm-none-eabi/12.1.0/../../../../arm-none-eabi/lib/thumb\libg.a(lib_a-findfp.o)
                0x0000000002009684                __sfp
 .text.__sfp_lock_acquire
                0x0000000002009758       0x14 c:/devkitpro/devkitarm/bin/../lib/gcc/arm-none-eabi/12.1.0/../../../../arm-none-eabi/lib/thumb\libg.a(lib_a-findfp.o)
                0x0000000002009758                __sfp_lock_acquire
 .text.__sfp_lock_release
                0x000000000200976c       0x14 c:/devkitpro/devkitarm/bin/../lib/gcc/arm-none-eabi/12.1.0/../../../../arm-none-eabi/lib/thumb\libg.a(lib_a-findfp.o)
                0x000000000200976c                __sfp_lock_release
 .text._fopen_r
                0x0000000002009780       0xbc c:/devkitpro/devkitarm/bin/../lib/gcc/arm-none-eabi/12.1.0/../../../../arm-none-eabi/lib/thumb\libg.a(lib_a-fopen.o)
                0x0000000002009780                _fopen_r
 .text.fopen    0x000000000200983c       0x18 c:/devkitpro/devkitarm/bin/../lib/gcc/arm-none-eabi/12.1.0/../../../../arm-none-eabi/lib/thumb\libg.a(lib_a-fopen.o)
                0x000000000200983c                fopen
 .text._fread_r
                0x0000000002009854      0x1e4 c:/devkitpro/devkitarm/bin/../lib/gcc/arm-none-eabi/12.1.0/../../../../arm-none-eabi/lib/thumb\libg.a(lib_a-fread.o)
                0x0000000002009854                _fread_r
 .text.fread    0x0000000002009a38       0x24 c:/devkitpro/devkitarm/bin/../lib/gcc/arm-none-eabi/12.1.0/../../../../arm-none-eabi/lib/thumb\libg.a(lib_a-fread.o)
                0x0000000002009a38                fread
 .text._malloc_trim_r
                0x0000000002009a5c       0xac c:/devkitpro/devkitarm/bin/../lib/gcc/arm-none-eabi/12.1.0/../../../../arm-none-eabi/lib/thumb\libg.a(lib_a-freer.o)
                0x0000000002009a5c                _malloc_trim_r
 .text._free_r  0x0000000002009b08      0x1d8 c:/devkitpro/devkitarm/bin/../lib/gcc/arm-none-eabi/12.1.0/../../../../arm-none-eabi/lib/thumb\libg.a(lib_a-freer.o)
                0x0000000002009b08                _free_r
 .text._fseek_r
                0x0000000002009ce0       0x18 c:/devkitpro/devkitarm/bin/../lib/gcc/arm-none-eabi/12.1.0/../../../../arm-none-eabi/lib/thumb\libg.a(lib_a-fseek.o)
                0x0000000002009ce0                _fseek_r
 .text.fseek    0x0000000002009cf8       0x24 c:/devkitpro/devkitarm/bin/../lib/gcc/arm-none-eabi/12.1.0/../../../../arm-none-eabi/lib/thumb\libg.a(lib_a-fseek.o)
                0x0000000002009cf8                fseek
 .text._fseeko_r
                0x0000000002009d1c      0x410 c:/devkitpro/devkitarm/bin/../lib/gcc/arm-none-eabi/12.1.0/../../../../arm-none-eabi/lib/thumb\libg.a(lib_a-fseeko.o)
                0x0000000002009d1c                _fseeko_r
 .text._fwalk   0x000000000200a12c       0x48 c:/devkitpro/devkitarm/bin/../lib/gcc/arm-none-eabi/12.1.0/../../../../arm-none-eabi/lib/thumb\libg.a(lib_a-fwalk.o)
                0x000000000200a12c                _fwalk
 .text._fwalk_reent
                0x000000000200a174       0x50 c:/devkitpro/devkitarm/bin/../lib/gcc/arm-none-eabi/12.1.0/../../../../arm-none-eabi/lib/thumb\libg.a(lib_a-fwalk.o)
                0x000000000200a174                _fwalk_reent
 .text.__libc_init_array
                0x000000000200a1c4       0x54 c:/devkitpro/devkitarm/bin/../lib/gcc/arm-none-eabi/12.1.0/../../../../arm-none-eabi/lib/thumb\libg.a(lib_a-init.o)
                0x000000000200a1c4                __libc_init_array
 .text.iprintf  0x000000000200a218       0x24 c:/devkitpro/devkitarm/bin/../lib/gcc/arm-none-eabi/12.1.0/../../../../arm-none-eabi/lib/thumb\libg.a(lib_a-iprintf.o)
                0x000000000200a218                iprintf
 .text.__smakebuf_r
                0x000000000200a23c       0xf0 c:/devkitpro/devkitarm/bin/../lib/gcc/arm-none-eabi/12.1.0/../../../../arm-none-eabi/lib/thumb\libg.a(lib_a-makebuf.o)
                0x000000000200a23c                __smakebuf_r
 .text.__swhatbuf_r
                0x000000000200a32c       0x5c c:/devkitpro/devkitarm/bin/../lib/gcc/arm-none-eabi/12.1.0/../../../../arm-none-eabi/lib/thumb\libg.a(lib_a-makebuf.o)
                0x000000000200a32c                __swhatbuf_r
 .text.malloc   0x000000000200a388       0x14 c:/devkitpro/devkitarm/bin/../lib/gcc/arm-none-eabi/12.1.0/../../../../arm-none-eabi/lib/thumb\libg.a(lib_a-malloc.o)
                0x000000000200a388                malloc
 .text.free     0x000000000200a39c       0x14 c:/devkitpro/devkitarm/bin/../lib/gcc/arm-none-eabi/12.1.0/../../../../arm-none-eabi/lib/thumb\libg.a(lib_a-malloc.o)
                0x000000000200a39c                free
 .text._malloc_r
                0x000000000200a3b0      0x560 c:/devkitpro/devkitarm/bin/../lib/gcc/arm-none-eabi/12.1.0/../../../../arm-none-eabi/lib/thumb\libg.a(lib_a-mallocr.o)
                0x000000000200a3b0                _malloc_r
 .text.memcpy   0x000000000200a910       0x94 c:/devkitpro/devkitarm/bin/../lib/gcc/arm-none-eabi/12.1.0/../../../../arm-none-eabi/lib/thumb\libg.a(lib_a-memcpy-stub.o)
                0x000000000200a910                memcpy
 .text.memset   0x000000000200a9a4       0xb0 c:/devkitpro/devkitarm/bin/../lib/gcc/arm-none-eabi/12.1.0/../../../../arm-none-eabi/lib/thumb\libg.a(lib_a-memset.o)
                0x000000000200a9a4                memset
 .text.__malloc_lock
                0x000000000200aa54       0x14 c:/devkitpro/devkitarm/bin/../lib/gcc/arm-none-eabi/12.1.0/../../../../arm-none-eabi/lib/thumb\libg.a(lib_a-mlock.o)
                0x000000000200aa54                __malloc_lock
 .text.__malloc_unlock
                0x000000000200aa68       0x14 c:/devkitpro/devkitarm/bin/../lib/gcc/arm-none-eabi/12.1.0/../../../../arm-none-eabi/lib/thumb\libg.a(lib_a-mlock.o)
                0x000000000200aa68                __malloc_unlock
 .text.rand     0x000000000200aa7c       0x34 c:/devkitpro/devkitarm/bin/../lib/gcc/arm-none-eabi/12.1.0/../../../../arm-none-eabi/lib/thumb\libg.a(lib_a-rand.o)
                0x000000000200aa7c                rand
 .text.lflush   0x000000000200aab0       0x20 c:/devkitpro/devkitarm/bin/../lib/gcc/arm-none-eabi/12.1.0/../../../../arm-none-eabi/lib/thumb\libg.a(lib_a-refill.o)
 .text.__srefill_r
                0x000000000200aad0      0x108 c:/devkitpro/devkitarm/bin/../lib/gcc/arm-none-eabi/12.1.0/../../../../arm-none-eabi/lib/thumb\libg.a(lib_a-refill.o)
                0x000000000200aad0                __srefill_r
 .text.setvbuf  0x000000000200abd8      0x19c c:/devkitpro/devkitarm/bin/../lib/gcc/arm-none-eabi/12.1.0/../../../../arm-none-eabi/lib/thumb\libg.a(lib_a-setvbuf.o)
                0x000000000200abd8                setvbuf
 .text._raise_r
                0x000000000200ad74       0x60 c:/devkitpro/devkitarm/bin/../lib/gcc/arm-none-eabi/12.1.0/../../../../arm-none-eabi/lib/thumb\libg.a(lib_a-signal.o)
                0x000000000200ad74                _raise_r
 .text.raise    0x000000000200add4       0x14 c:/devkitpro/devkitarm/bin/../lib/gcc/arm-none-eabi/12.1.0/../../../../arm-none-eabi/lib/thumb\libg.a(lib_a-signal.o)
                0x000000000200add4                raise
 .text.siscanf  0x000000000200ade8       0x4c c:/devkitpro/devkitarm/bin/../lib/gcc/arm-none-eabi/12.1.0/../../../../arm-none-eabi/lib/thumb\libg.a(lib_a-siscanf.o)
                0x000000000200ade8                siscanf
 .text.__sread  0x000000000200ae34       0x34 c:/devkitpro/devkitarm/bin/../lib/gcc/arm-none-eabi/12.1.0/../../../../arm-none-eabi/lib/thumb\libg.a(lib_a-stdio.o)
                0x000000000200ae34                __sread
 .text.__seofread
                0x000000000200ae68        0x4 c:/devkitpro/devkitarm/bin/../lib/gcc/arm-none-eabi/12.1.0/../../../../arm-none-eabi/lib/thumb\libg.a(lib_a-stdio.o)
                0x000000000200ae68                __seofread
 .text.__swrite
                0x000000000200ae6c       0x4c c:/devkitpro/devkitarm/bin/../lib/gcc/arm-none-eabi/12.1.0/../../../../arm-none-eabi/lib/thumb\libg.a(lib_a-stdio.o)
                0x000000000200ae6c                __swrite
 .text.__sseek  0x000000000200aeb8       0x44 c:/devkitpro/devkitarm/bin/../lib/gcc/arm-none-eabi/12.1.0/../../../../arm-none-eabi/lib/thumb\libg.a(lib_a-stdio.o)
                0x000000000200aeb8                __sseek
 .text.__sclose
                0x000000000200aefc       0x10 c:/devkitpro/devkitarm/bin/../lib/gcc/arm-none-eabi/12.1.0/../../../../arm-none-eabi/lib/thumb\libg.a(lib_a-stdio.o)
                0x000000000200aefc                __sclose
 .text.strlen   0x000000000200af0c       0x60 c:/devkitpro/devkitarm/bin/../lib/gcc/arm-none-eabi/12.1.0/../../../../arm-none-eabi/lib/thumb\libg.a(lib_a-strlen-stub.o)
                0x000000000200af0c                strlen
 .text.get_arg  0x000000000200af6c       0x32 c:/devkitpro/devkitarm/bin/../lib/gcc/arm-none-eabi/12.1.0/../../../../arm-none-eabi/lib/thumb\libg.a(lib_a-svfiscanf.o)
 .text._sungetc_r
                0x000000000200af9e       0x7e c:/devkitpro/devkitarm/bin/../lib/gcc/arm-none-eabi/12.1.0/../../../../arm-none-eabi/lib/thumb\libg.a(lib_a-svfiscanf.o)
                0x000000000200af9e                _sungetc_r
 .text.__ssrefill_r
                0x000000000200b01c       0x42 c:/devkitpro/devkitarm/bin/../lib/gcc/arm-none-eabi/12.1.0/../../../../arm-none-eabi/lib/thumb\libg.a(lib_a-svfiscanf.o)
                0x000000000200b01c                __ssrefill_r
 .text._sfread_r
                0x000000000200b05e       0x88 c:/devkitpro/devkitarm/bin/../lib/gcc/arm-none-eabi/12.1.0/../../../../arm-none-eabi/lib/thumb\libg.a(lib_a-svfiscanf.o)
                0x000000000200b05e                _sfread_r
 *fill*         0x000000000200b0e6        0x2 ff
 .text.__ssvfiscanf_r
                0x000000000200b0e8     0x1ae0 c:/devkitpro/devkitarm/bin/../lib/gcc/arm-none-eabi/12.1.0/../../../../arm-none-eabi/lib/thumb\libg.a(lib_a-svfiscanf.o)
                0x000000000200b0e8                __ssvfiscanf_r
 .text.__submore
                0x000000000200cbc8       0x88 c:/devkitpro/devkitarm/bin/../lib/gcc/arm-none-eabi/12.1.0/../../../../arm-none-eabi/lib/thumb\libg.a(lib_a-ungetc.o)
                0x000000000200cbc8                __submore
 .text.get_arg  0x000000000200cc50      0x42c c:/devkitpro/devkitarm/bin/../lib/gcc/arm-none-eabi/12.1.0/../../../../arm-none-eabi/lib/thumb\libg.a(lib_a-vfiprintf.o)
 .text.__sprint_r
                0x000000000200d07c       0x24 c:/devkitpro/devkitarm/bin/../lib/gcc/arm-none-eabi/12.1.0/../../../../arm-none-eabi/lib/thumb\libg.a(lib_a-vfiprintf.o)
                0x000000000200d07c                __sprint_r
 .text._vfiprintf_r
                0x000000000200d0a0     0x173c c:/devkitpro/devkitarm/bin/../lib/gcc/arm-none-eabi/12.1.0/../../../../arm-none-eabi/lib/thumb\libg.a(lib_a-vfiprintf.o)
                0x000000000200d0a0                _vfiprintf_r
 .text.__sbprintf
                0x000000000200e7dc       0x8c c:/devkitpro/devkitarm/bin/../lib/gcc/arm-none-eabi/12.1.0/../../../../arm-none-eabi/lib/thumb\libg.a(lib_a-vfiprintf.o)
 .text._wcrtomb_r
                0x000000000200e868       0x5c c:/devkitpro/devkitarm/bin/../lib/gcc/arm-none-eabi/12.1.0/../../../../arm-none-eabi/lib/thumb\libg.a(lib_a-wcrtomb.o)
                0x000000000200e868                _wcrtomb_r
 .text._wcsrtombs_r
                0x000000000200e8c4       0x1c c:/devkitpro/devkitarm/bin/../lib/gcc/arm-none-eabi/12.1.0/../../../../arm-none-eabi/lib/thumb\libg.a(lib_a-wcsrtombs.o)
                0x000000000200e8c4                _wcsrtombs_r
 .text.__swsetup_r
                0x000000000200e8e0       0xd0 c:/devkitpro/devkitarm/bin/../lib/gcc/arm-none-eabi/12.1.0/../../../../arm-none-eabi/lib/thumb\libg.a(lib_a-wsetup.o)
                0x000000000200e8e0                __swsetup_r
 .text.__sflags
                0x000000000200e9b0       0xa4 c:/devkitpro/devkitarm/bin/../lib/gcc/arm-none-eabi/12.1.0/../../../../arm-none-eabi/lib/thumb\libg.a(lib_a-flags.o)
                0x000000000200e9b0                __sflags
 .text.__sfvwrite_r
                0x000000000200ea54      0x334 c:/devkitpro/devkitarm/bin/../lib/gcc/arm-none-eabi/12.1.0/../../../../arm-none-eabi/lib/thumb\libg.a(lib_a-fvwrite.o)
                0x000000000200ea54                __sfvwrite_r
 .text.iswspace
                0x000000000200ed88       0x10 c:/devkitpro/devkitarm/bin/../lib/gcc/arm-none-eabi/12.1.0/../../../../arm-none-eabi/lib/thumb\libg.a(lib_a-iswspace.o)
                0x000000000200ed88                iswspace
 .text._localeconv_r
                0x000000000200ed98        0x8 c:/devkitpro/devkitarm/bin/../lib/gcc/arm-none-eabi/12.1.0/../../../../arm-none-eabi/lib/thumb\libg.a(lib_a-localeconv.o)
                0x000000000200ed98                _localeconv_r
 .text.__locale_mb_cur_max
                0x000000000200eda0       0x10 c:/devkitpro/devkitarm/bin/../lib/gcc/arm-none-eabi/12.1.0/../../../../arm-none-eabi/lib/thumb\libg.a(lib_a-locale.o)
                0x000000000200eda0                __locale_mb_cur_max
 .text._mbrtowc_r
                0x000000000200edb0       0x60 c:/devkitpro/devkitarm/bin/../lib/gcc/arm-none-eabi/12.1.0/../../../../arm-none-eabi/lib/thumb\libg.a(lib_a-mbrtowc.o)
                0x000000000200edb0                _mbrtowc_r
 .text.__utf8_mbtowc
                0x000000000200ee10      0x27c c:/devkitpro/devkitarm/bin/../lib/gcc/arm-none-eabi/12.1.0/../../../../arm-none-eabi/lib/thumb\libg.a(lib_a-mbtowc_r.o)
                0x000000000200ee10                __utf8_mbtowc
 .text.memchr   0x000000000200f08c       0x78 c:/devkitpro/devkitarm/bin/../lib/gcc/arm-none-eabi/12.1.0/../../../../arm-none-eabi/lib/thumb\libg.a(lib_a-memchr-stub.o)
                0x000000000200f08c                memchr
 .text.memmove  0x000000000200f104       0xc0 c:/devkitpro/devkitarm/bin/../lib/gcc/arm-none-eabi/12.1.0/../../../../arm-none-eabi/lib/thumb\libg.a(lib_a-memmove.o)
                0x000000000200f104                memmove
 .text.realloc  0x000000000200f1c4       0x18 c:/devkitpro/devkitarm/bin/../lib/gcc/arm-none-eabi/12.1.0/../../../../arm-none-eabi/lib/thumb\libg.a(lib_a-realloc.o)
                0x000000000200f1c4                realloc
 .text._realloc_r
                0x000000000200f1dc      0x384 c:/devkitpro/devkitarm/bin/../lib/gcc/arm-none-eabi/12.1.0/../../../../arm-none-eabi/lib/thumb\libg.a(lib_a-reallocr.o)
                0x000000000200f1dc                _realloc_r
 .text.__sccl   0x000000000200f560       0x90 c:/devkitpro/devkitarm/bin/../lib/gcc/arm-none-eabi/12.1.0/../../../../arm-none-eabi/lib/thumb\libg.a(lib_a-sccl.o)
                0x000000000200f560                __sccl
 .text.strchr   0x000000000200f5f0       0xc8 c:/devkitpro/devkitarm/bin/../lib/gcc/arm-none-eabi/12.1.0/../../../../arm-none-eabi/lib/thumb\libg.a(lib_a-strchr.o)
                0x000000000200f5f0                strchr
 .text.strncpy  0x000000000200f6b8       0x68 c:/devkitpro/devkitarm/bin/../lib/gcc/arm-none-eabi/12.1.0/../../../../arm-none-eabi/lib/thumb\libg.a(lib_a-strncpy.o)
                0x000000000200f6b8                strncpy
 .text._strtoll_l.constprop.0
                0x000000000200f720      0x1a0 c:/devkitpro/devkitarm/bin/../lib/gcc/arm-none-eabi/12.1.0/../../../../arm-none-eabi/lib/thumb\libg.a(lib_a-strtoll.o)
 .text._strtoll_r
                0x000000000200f8c0        0xc c:/devkitpro/devkitarm/bin/../lib/gcc/arm-none-eabi/12.1.0/../../../../arm-none-eabi/lib/thumb\libg.a(lib_a-strtoll.o)
                0x000000000200f8c0                _strtoll_r
 .text._strtol_l.part.0
                0x000000000200f8cc      0x144 c:/devkitpro/devkitarm/bin/../lib/gcc/arm-none-eabi/12.1.0/../../../../arm-none-eabi/lib/thumb\libg.a(lib_a-strtol.o)
 .text._strtol_r
                0x000000000200fa10       0x20 c:/devkitpro/devkitarm/bin/../lib/gcc/arm-none-eabi/12.1.0/../../../../arm-none-eabi/lib/thumb\libg.a(lib_a-strtol.o)
                0x000000000200fa10                _strtol_r
 .text._strtoull_l.constprop.0
                0x000000000200fa30      0x1bc c:/devkitpro/devkitarm/bin/../lib/gcc/arm-none-eabi/12.1.0/../../../../arm-none-eabi/lib/thumb\libg.a(lib_a-strtoull.o)
 .text._strtoull_r
                0x000000000200fbec        0xc c:/devkitpro/devkitarm/bin/../lib/gcc/arm-none-eabi/12.1.0/../../../../arm-none-eabi/lib/thumb\libg.a(lib_a-strtoull.o)
                0x000000000200fbec                _strtoull_r
 .text._strtoul_l.constprop.0
                0x000000000200fbf8      0x144 c:/devkitpro/devkitarm/bin/../lib/gcc/arm-none-eabi/12.1.0/../../../../arm-none-eabi/lib/thumb\libg.a(lib_a-strtoul.o)
 .text._strtoul_r
                0x000000000200fd3c        0xc c:/devkitpro/devkitarm/bin/../lib/gcc/arm-none-eabi/12.1.0/../../../../arm-none-eabi/lib/thumb\libg.a(lib_a-strtoul.o)
                0x000000000200fd3c                _strtoul_r
 .text._wcsnrtombs_l
                0x000000000200fd48      0x11c c:/devkitpro/devkitarm/bin/../lib/gcc/arm-none-eabi/12.1.0/../../../../arm-none-eabi/lib/thumb\libg.a(lib_a-wcsnrtombs.o)
                0x000000000200fd48                _wcsnrtombs_l
 .text._wcsnrtombs_r
                0x000000000200fe64       0x30 c:/devkitpro/devkitarm/bin/../lib/gcc/arm-none-eabi/12.1.0/../../../../arm-none-eabi/lib/thumb\libg.a(lib_a-wcsnrtombs.o)
                0x000000000200fe64                _wcsnrtombs_r
 .text.__utf8_wctomb
                0x000000000200fe94       0xb4 c:/devkitpro/devkitarm/bin/../lib/gcc/arm-none-eabi/12.1.0/../../../../arm-none-eabi/lib/thumb\libg.a(lib_a-wctomb_r.o)
                0x000000000200fe94                __utf8_wctomb
 .text.__errno  0x000000000200ff48        0xc c:/devkitpro/devkitarm/bin/../lib/gcc/arm-none-eabi/12.1.0/../../../../arm-none-eabi/lib/thumb\libg.a(lib_a-errno.o)
                0x000000000200ff48                __errno
 .text.iswspace_l
                0x000000000200ff54       0x2c c:/devkitpro/devkitarm/bin/../lib/gcc/arm-none-eabi/12.1.0/../../../../arm-none-eabi/lib/thumb\libg.a(lib_a-iswspace_l.o)
                0x000000000200ff54                iswspace_l
 .text.__jp2uc  0x000000000200ff80      0x14c c:/devkitpro/devkitarm/bin/../lib/gcc/arm-none-eabi/12.1.0/../../../../arm-none-eabi/lib/thumb\libg.a(lib_a-jp2uc.o)
 .text._jp2uc_l
                0x00000000020100cc       0x6c c:/devkitpro/devkitarm/bin/../lib/gcc/arm-none-eabi/12.1.0/../../../../arm-none-eabi/lib/thumb\libg.a(lib_a-jp2uc.o)
                0x00000000020100cc                _jp2uc_l
 .text.strncmp  0x0000000002010138       0x78 c:/devkitpro/devkitarm/bin/../lib/gcc/arm-none-eabi/12.1.0/../../../../arm-none-eabi/lib/thumb\libg.a(lib_a-strncmp.o)
                0x0000000002010138                strncmp
 .text.category
                0x00000000020101b0       0x54 c:/devkitpro/devkitarm/bin/../lib/gcc/arm-none-eabi/12.1.0/../../../../arm-none-eabi/lib/thumb\libg.a(lib_a-categories.o)
                0x00000000020101b0                category
 .text.null_write
                0x0000000002010204        0x4 c:/devkitpro/devkitarm/bin/../lib/gcc/arm-none-eabi/12.1.0/../../../../arm-none-eabi/lib/thumb\libsysbase.a(iosupport.o)
 .text.FindDevice
                0x0000000002010208       0x98 c:/devkitpro/devkitarm/bin/../lib/gcc/arm-none-eabi/12.1.0/../../../../arm-none-eabi/lib/thumb\libsysbase.a(iosupport.o)
                0x0000000002010208                FindDevice
 .text._fstat_r
                0x00000000020102a0       0x4c c:/devkitpro/devkitarm/bin/../lib/gcc/arm-none-eabi/12.1.0/../../../../arm-none-eabi/lib/thumb\libsysbase.a(fstat.o)
                0x00000000020102a0                _fstat_r
 .text._getpid_r
                0x00000000020102ec        0xc c:/devkitpro/devkitarm/bin/../lib/gcc/arm-none-eabi/12.1.0/../../../../arm-none-eabi/lib/thumb\libsysbase.a(getpid.o)
                0x00000000020102ec                _getpid_r
 .text._isatty_r
                0x00000000020102f8        0x4 c:/devkitpro/devkitarm/bin/../lib/gcc/arm-none-eabi/12.1.0/../../../../arm-none-eabi/lib/thumb\libsysbase.a(isatty.o)
                0x00000000020102f8                _isatty_r
 .text._kill_r  0x00000000020102fc        0xc c:/devkitpro/devkitarm/bin/../lib/gcc/arm-none-eabi/12.1.0/../../../../arm-none-eabi/lib/thumb\libsysbase.a(kill.o)
                0x00000000020102fc                _kill_r
 .text._lseek_r
                0x0000000002010308       0x5c c:/devkitpro/devkitarm/bin/../lib/gcc/arm-none-eabi/12.1.0/../../../../arm-none-eabi/lib/thumb\libsysbase.a(lseek.o)
                0x0000000002010308                _lseek_r
 .text._open_r  0x0000000002010364       0x98 c:/devkitpro/devkitarm/bin/../lib/gcc/arm-none-eabi/12.1.0/../../../../arm-none-eabi/lib/thumb\libsysbase.a(open.o)
                0x0000000002010364                _open_r
 .text._read_r  0x00000000020103fc       0x50 c:/devkitpro/devkitarm/bin/../lib/gcc/arm-none-eabi/12.1.0/../../../../arm-none-eabi/lib/thumb\libsysbase.a(read.o)
                0x00000000020103fc                _read_r
 .text._sbrk_r  0x000000000201044c       0x54 c:/devkitpro/devkitarm/bin/../lib/gcc/arm-none-eabi/12.1.0/../../../../arm-none-eabi/lib/thumb\libsysbase.a(sbrk.o)
                0x000000000201044c                _sbrk_r
 .text._write_r
                0x00000000020104a0       0x50 c:/devkitpro/devkitarm/bin/../lib/gcc/arm-none-eabi/12.1.0/../../../../arm-none-eabi/lib/thumb\libsysbase.a(write.o)
                0x00000000020104a0                _write_r
 .text._exit    0x00000000020104f0       0x14 c:/devkitpro/devkitarm/bin/../lib/gcc/arm-none-eabi/12.1.0/../../../../arm-none-eabi/lib/thumb\libsysbase.a(_exit.o)
                0x00000000020104f0                _exit
 .text.build_argv
                0x0000000002010504       0x4c c:/devkitpro/devkitarm/bin/../lib/gcc/arm-none-eabi/12.1.0/../../../../arm-none-eabi/lib/thumb\libsysbase.a(build_argv.o)
                0x0000000002010504                build_argv
 .text.__flockfile
                0x0000000002010550       0x10 c:/devkitpro/devkitarm/bin/../lib/gcc/arm-none-eabi/12.1.0/../../../../arm-none-eabi/lib/thumb\libsysbase.a(flock.o)
                0x0000000002010550                __flockfile
 .text.__funlockfile
                0x0000000002010560       0x10 c:/devkitpro/devkitarm/bin/../lib/gcc/arm-none-eabi/12.1.0/../../../../arm-none-eabi/lib/thumb\libsysbase.a(flock.o)
                0x0000000002010560                __funlockfile
 .text.__release_handle
                0x0000000002010570       0x68 c:/devkitpro/devkitarm/bin/../lib/gcc/arm-none-eabi/12.1.0/../../../../arm-none-eabi/lib/thumb\libsysbase.a(handle_manager.o)
                0x0000000002010570                __release_handle
 .text.__alloc_handle
                0x00000000020105d8       0x7c c:/devkitpro/devkitarm/bin/../lib/gcc/arm-none-eabi/12.1.0/../../../../arm-none-eabi/lib/thumb\libsysbase.a(handle_manager.o)
                0x00000000020105d8                __alloc_handle
 .text.__get_handle
                0x0000000002010654       0x34 c:/devkitpro/devkitarm/bin/../lib/gcc/arm-none-eabi/12.1.0/../../../../arm-none-eabi/lib/thumb\libsysbase.a(handle_manager.o)
                0x0000000002010654                __get_handle
 .text._close_r
                0x0000000002010688       0xb8 c:/devkitpro/devkitarm/bin/../lib/gcc/arm-none-eabi/12.1.0/../../../../arm-none-eabi/lib/thumb\libsysbase.a(handle_manager.o)
                0x0000000002010688                _close_r
 .text.__getreent
                0x0000000002010740       0x20 c:/devkitpro/devkitarm/bin/../lib/gcc/arm-none-eabi/12.1.0/../../../../arm-none-eabi/lib/thumb\libsysbase.a(getreent.o)
                0x0000000002010740                __getreent
 .text.__libc_lock_acquire
                0x0000000002010760       0x18 c:/devkitpro/devkitarm/bin/../lib/gcc/arm-none-eabi/12.1.0/../../../../arm-none-eabi/lib/thumb\libsysbase.a(syscall_support.o)
                0x0000000002010760                __libc_lock_acquire
 .text.__libc_lock_release
                0x0000000002010778       0x18 c:/devkitpro/devkitarm/bin/../lib/gcc/arm-none-eabi/12.1.0/../../../../arm-none-eabi/lib/thumb\libsysbase.a(syscall_support.o)
                0x0000000002010778                __libc_lock_release
 .text.__libc_lock_init_recursive
                0x0000000002010790       0x18 c:/devkitpro/devkitarm/bin/../lib/gcc/arm-none-eabi/12.1.0/../../../../arm-none-eabi/lib/thumb\libsysbase.a(syscall_support.o)
                0x0000000002010790                __libc_lock_init_recursive
 .text.__libc_lock_acquire_recursive
                0x00000000020107a8       0x18 c:/devkitpro/devkitarm/bin/../lib/gcc/arm-none-eabi/12.1.0/../../../../arm-none-eabi/lib/thumb\libsysbase.a(syscall_support.o)
                0x00000000020107a8                __libc_lock_acquire_recursive
 .text.__libc_lock_release_recursive
                0x00000000020107c0       0x18 c:/devkitpro/devkitarm/bin/../lib/gcc/arm-none-eabi/12.1.0/../../../../arm-none-eabi/lib/thumb\libsysbase.a(syscall_support.o)
                0x00000000020107c0                __libc_lock_release_recursive
 .text.__libc_lock_close_recursive
                0x00000000020107d8       0x18 c:/devkitpro/devkitarm/bin/../lib/gcc/arm-none-eabi/12.1.0/../../../../arm-none-eabi/lib/thumb\libsysbase.a(syscall_support.o)
                0x00000000020107d8                __libc_lock_close_recursive
 .text.__muldi3
                0x00000000020107f0       0x64 c:/devkitpro/devkitarm/bin/../lib/gcc/arm-none-eabi/12.1.0/thumb\libgcc.a(_muldi3.o)
                0x00000000020107f0                __muldi3
                0x00000000020107f0                __aeabi_lmul
 .text.__udivmoddi4
                0x0000000002010854      0x19c c:/devkitpro/devkitarm/bin/../lib/gcc/arm-none-eabi/12.1.0/thumb\libgcc.a(_udivmoddi4.o)
                0x0000000002010854                __udivmoddi4
 .text.__udivmoddi4.__stub
                0x00000000020109f0      0x170 linker stubs
 *(EXCLUDE_FILE(*.twl*) .gnu.warning)
 *(EXCLUDE_FILE(*.twl*) .gnu.linkonce.t*)
 *(.glue_7)
 .glue_7        0x0000000002010b70        0x0 linker stubs
 *(.glue_7t)
 .glue_7t       0x0000000002010b70        0x0 linker stubs
                0x0000000002010b70                . = ALIGN (0x4)

.vfp11_veneer   0x0000000002010b70        0x0
 .vfp11_veneer  0x0000000002010b70        0x0 linker stubs

.v4_bx          0x0000000002010b70        0x0
 .v4_bx         0x0000000002010b70        0x0 linker stubs

.iplt           0x0000000002010b70        0x0
 .iplt          0x0000000002010b70        0x0 c:/devkitpro/devkitarm/bin/../lib/gcc/arm-none-eabi/12.1.0/../../../../arm-none-eabi/lib/thumb/ds_arm9_crt0.o

.fini           0x0000000002010b70        0xc
 *(.fini)
 .fini          0x0000000002010b70        0x4 c:/devkitpro/devkitarm/bin/../lib/gcc/arm-none-eabi/12.1.0/thumb/crti.o
                0x0000000002010b70                _fini
 .fini          0x0000000002010b74        0x8 c:/devkitpro/devkitarm/bin/../lib/gcc/arm-none-eabi/12.1.0/thumb/crtn.o
                0x0000000002010b7c                __text_end = .

.rodata         0x0000000002010b7c    0x34854
 *(EXCLUDE_FILE(*.twl*) .rodata)
 .rodata        0x0000000002010b7c       0x24 main.o
 .rodata        0x0000000002010ba0    0x18000 Controles.o
                0x0000000002010ba0                ControlesBitmap
 *all.rodata*(*)
 *(EXCLUDE_FILE(*.twl*) .roda)
 *(EXCLUDE_FILE(*.twl*) .rodata.*)
 .rodata.soundbank_bin
                0x0000000002028ba0    0x12ecc soundbank.bin.o
                0x0000000002028ba0                soundbank_bin
                0x000000000203ba6c                soundbank_bin_end
 .rodata.str1.4
                0x000000000203ba6c      0x69c main.o
 .rodata.con_write.str1.4
                0x000000000203c108       0x30 C:/devkitPro/libnds/lib\libnds9.a(console.o)
 .rodata.con_write
                0x000000000203c138       0xd4 C:/devkitPro/libnds/lib\libnds9.a(console.o)
 .rodata.consoleClear.str1.4
                0x000000000203c20c        0x5 C:/devkitPro/libnds/lib\libnds9.a(console.o)
 *fill*         0x000000000203c211        0x3 ff
 .rodata.str1.4
                0x000000000203c214       0x14 C:/devkitPro/libnds/lib\libnds9.a(console.o)
 .rodata.dotab_stdout
                0x000000000203c228       0x70 C:/devkitPro/libnds/lib\libnds9.a(console.o)
 .rodata.default_font_bin
                0x000000000203c298     0x2000 C:/devkitPro/libnds/lib\libnds9.a(default_font.bin.o)
                0x000000000203c298                default_font_bin
                0x000000000203e298                default_font_bin_end
 .rodata.SIN_LUT
                0x000000000203e298      0x102 C:/devkitPro/libnds/lib\libnds9.a(trig.o)
                0x000000000203e298                SIN_LUT
 *fill*         0x000000000203e39a        0x2 ff
 .rodata._ZNKSt9bad_alloc4whatEv.str1.4
                0x000000000203e39c        0xf c:/devkitpro/devkitarm/bin/../lib/gcc/arm-none-eabi/12.1.0/../../../../arm-none-eabi/lib/thumb\libstdc++.a(bad_alloc.o)
 *fill*         0x000000000203e3ab        0x1 ff
 .rodata._ZTSSt9bad_alloc
                0x000000000203e3ac        0xd c:/devkitpro/devkitarm/bin/../lib/gcc/arm-none-eabi/12.1.0/../../../../arm-none-eabi/lib/thumb\libstdc++.a(bad_alloc.o)
                0x000000000203e3ac                typeinfo name for std::bad_alloc
 *fill*         0x000000000203e3b9        0x3 ff
 .rodata._ZTISt9bad_alloc
                0x000000000203e3bc        0xc c:/devkitpro/devkitarm/bin/../lib/gcc/arm-none-eabi/12.1.0/../../../../arm-none-eabi/lib/thumb\libstdc++.a(bad_alloc.o)
                0x000000000203e3bc                typeinfo for std::bad_alloc
 .rodata._ZTVSt9bad_alloc
                0x000000000203e3c8       0x14 c:/devkitpro/devkitarm/bin/../lib/gcc/arm-none-eabi/12.1.0/../../../../arm-none-eabi/lib/thumb\libstdc++.a(bad_alloc.o)
                0x000000000203e3c8                vtable for std::bad_alloc
 .rodata._ZNKSt13bad_exception4whatEv.str1.4
                0x000000000203e3dc       0x13 c:/devkitpro/devkitarm/bin/../lib/gcc/arm-none-eabi/12.1.0/../../../../arm-none-eabi/lib/thumb\libstdc++.a(eh_exception.o)
 *fill*         0x000000000203e3ef        0x1 ff
 .rodata._ZTSSt9exception
                0x000000000203e3f0        0xd c:/devkitpro/devkitarm/bin/../lib/gcc/arm-none-eabi/12.1.0/../../../../arm-none-eabi/lib/thumb\libstdc++.a(eh_exception.o)
                0x000000000203e3f0                typeinfo name for std::exception
 *fill*         0x000000000203e3fd        0x3 ff
 .rodata._ZTISt9exception
                0x000000000203e400        0x8 c:/devkitpro/devkitarm/bin/../lib/gcc/arm-none-eabi/12.1.0/../../../../arm-none-eabi/lib/thumb\libstdc++.a(eh_exception.o)
                0x000000000203e400                typeinfo for std::exception
 .rodata._ZTSSt13bad_exception
                0x000000000203e408       0x12 c:/devkitpro/devkitarm/bin/../lib/gcc/arm-none-eabi/12.1.0/../../../../arm-none-eabi/lib/thumb\libstdc++.a(eh_exception.o)
                0x000000000203e408                typeinfo name for std::bad_exception
 *fill*         0x000000000203e41a        0x2 ff
 .rodata._ZTISt13bad_exception
                0x000000000203e41c        0xc c:/devkitpro/devkitarm/bin/../lib/gcc/arm-none-eabi/12.1.0/../../../../arm-none-eabi/lib/thumb\libstdc++.a(eh_exception.o)
                0x000000000203e41c                typeinfo for std::bad_exception
 .rodata._ZTSN10__cxxabiv115__forced_unwindE
                0x000000000203e428       0x20 c:/devkitpro/devkitarm/bin/../lib/gcc/arm-none-eabi/12.1.0/../../../../arm-none-eabi/lib/thumb\libstdc++.a(eh_exception.o)
                0x000000000203e428                typeinfo name for __cxxabiv1::__forced_unwind
 .rodata._ZTIN10__cxxabiv115__forced_unwindE
                0x000000000203e448        0x8 c:/devkitpro/devkitarm/bin/../lib/gcc/arm-none-eabi/12.1.0/../../../../arm-none-eabi/lib/thumb\libstdc++.a(eh_exception.o)
                0x000000000203e448                typeinfo for __cxxabiv1::__forced_unwind
 .rodata._ZTSN10__cxxabiv119__foreign_exceptionE
                0x000000000203e450       0x24 c:/devkitpro/devkitarm/bin/../lib/gcc/arm-none-eabi/12.1.0/../../../../arm-none-eabi/lib/thumb\libstdc++.a(eh_exception.o)
                0x000000000203e450                typeinfo name for __cxxabiv1::__foreign_exception
 .rodata._ZTIN10__cxxabiv119__foreign_exceptionE
                0x000000000203e474        0x8 c:/devkitpro/devkitarm/bin/../lib/gcc/arm-none-eabi/12.1.0/../../../../arm-none-eabi/lib/thumb\libstdc++.a(eh_exception.o)
                0x000000000203e474                typeinfo for __cxxabiv1::__foreign_exception
 .rodata._ZTVSt13bad_exception
                0x000000000203e47c       0x14 c:/devkitpro/devkitarm/bin/../lib/gcc/arm-none-eabi/12.1.0/../../../../arm-none-eabi/lib/thumb\libstdc++.a(eh_exception.o)
                0x000000000203e47c                vtable for std::bad_exception
 .rodata._ZTSN10__cxxabiv120__si_class_type_infoE
                0x000000000203e490       0x25 c:/devkitpro/devkitarm/bin/../lib/gcc/arm-none-eabi/12.1.0/../../../../arm-none-eabi/lib/thumb\libstdc++.a(si_class_type_info.o)
                0x000000000203e490                typeinfo name for __cxxabiv1::__si_class_type_info
 *fill*         0x000000000203e4b5        0x3 ff
 .rodata._ZTIN10__cxxabiv120__si_class_type_infoE
                0x000000000203e4b8        0xc c:/devkitpro/devkitarm/bin/../lib/gcc/arm-none-eabi/12.1.0/../../../../arm-none-eabi/lib/thumb\libstdc++.a(si_class_type_info.o)
                0x000000000203e4b8                typeinfo for __cxxabiv1::__si_class_type_info
 .rodata._ZTVN10__cxxabiv120__si_class_type_infoE
                0x000000000203e4c4       0x2c c:/devkitpro/devkitarm/bin/../lib/gcc/arm-none-eabi/12.1.0/../../../../arm-none-eabi/lib/thumb\libstdc++.a(si_class_type_info.o)
                0x000000000203e4c4                vtable for __cxxabiv1::__si_class_type_info
 .rodata._ZTSSt9type_info
                0x000000000203e4f0        0xd c:/devkitpro/devkitarm/bin/../lib/gcc/arm-none-eabi/12.1.0/../../../../arm-none-eabi/lib/thumb\libstdc++.a(tinfo.o)
                0x000000000203e4f0                typeinfo name for std::type_info
 *fill*         0x000000000203e4fd        0x3 ff
 .rodata._ZTISt9type_info
                0x000000000203e500        0x8 c:/devkitpro/devkitarm/bin/../lib/gcc/arm-none-eabi/12.1.0/../../../../arm-none-eabi/lib/thumb\libstdc++.a(tinfo.o)
                0x000000000203e500                typeinfo for std::type_info
 .rodata._ZTSN10__cxxabiv117__class_type_infoE
                0x000000000203e508       0x22 c:/devkitpro/devkitarm/bin/../lib/gcc/arm-none-eabi/12.1.0/../../../../arm-none-eabi/lib/thumb\libstdc++.a(class_type_info.o)
                0x000000000203e508                typeinfo name for __cxxabiv1::__class_type_info
 *fill*         0x000000000203e52a        0x2 ff
 .rodata._ZTIN10__cxxabiv117__class_type_infoE
                0x000000000203e52c        0xc c:/devkitpro/devkitarm/bin/../lib/gcc/arm-none-eabi/12.1.0/../../../../arm-none-eabi/lib/thumb\libstdc++.a(class_type_info.o)
                0x000000000203e52c                typeinfo for __cxxabiv1::__class_type_info
 .rodata._ZTVN10__cxxabiv117__class_type_infoE
                0x000000000203e538       0x2c c:/devkitpro/devkitarm/bin/../lib/gcc/arm-none-eabi/12.1.0/../../../../arm-none-eabi/lib/thumb\libstdc++.a(class_type_info.o)
                0x000000000203e538                vtable for __cxxabiv1::__class_type_info
 .rodata._ZL28read_encoded_value_with_basehjPKhPj
                0x000000000203e564       0x34 c:/devkitpro/devkitarm/bin/../lib/gcc/arm-none-eabi/12.1.0/../../../../arm-none-eabi/lib/thumb\libstdc++.a(eh_personality.o)
 .rodata._global_impure_ptr
                0x000000000203e598        0x4 c:/devkitpro/devkitarm/bin/../lib/gcc/arm-none-eabi/12.1.0/../../../../arm-none-eabi/lib/thumb\libg.a(lib_a-impure.o)
                0x000000000203e598                _global_impure_ptr
 .rodata.basefix.0
                0x000000000203e59c       0x22 c:/devkitpro/devkitarm/bin/../lib/gcc/arm-none-eabi/12.1.0/../../../../arm-none-eabi/lib/thumb\libg.a(lib_a-svfiscanf.o)
 .rodata._vfiprintf_r.str1.1
                0x000000000203e5be       0x29 c:/devkitpro/devkitarm/bin/../lib/gcc/arm-none-eabi/12.1.0/../../../../arm-none-eabi/lib/thumb\libg.a(lib_a-vfiprintf.o)
 *fill*         0x000000000203e5e7        0x1 ff
 .rodata.zeroes.0
                0x000000000203e5e8       0x10 c:/devkitpro/devkitarm/bin/../lib/gcc/arm-none-eabi/12.1.0/../../../../arm-none-eabi/lib/thumb\libg.a(lib_a-vfiprintf.o)
 .rodata.blanks.1
                0x000000000203e5f8       0x10 c:/devkitpro/devkitarm/bin/../lib/gcc/arm-none-eabi/12.1.0/../../../../arm-none-eabi/lib/thumb\libg.a(lib_a-vfiprintf.o)
 .rodata._ctype_
                0x000000000203e608      0x101 c:/devkitpro/devkitarm/bin/../lib/gcc/arm-none-eabi/12.1.0/../../../../arm-none-eabi/lib/thumb\libg.a(lib_a-ctype_.o)
                0x000000000203e608                _ctype_
 *fill*         0x000000000203e709        0x3 ff
 .rodata.str1.4
                0x000000000203e70c       0x48 c:/devkitpro/devkitarm/bin/../lib/gcc/arm-none-eabi/12.1.0/../../../../arm-none-eabi/lib/thumb\libg.a(lib_a-locale.o)
                                         0x4c (size before relaxing)
 .rodata._mbrtowc_r.str1.4
                0x000000000203e754        0x1 c:/devkitpro/devkitarm/bin/../lib/gcc/arm-none-eabi/12.1.0/../../../../arm-none-eabi/lib/thumb\libg.a(lib_a-mbrtowc.o)
 .rodata.__action_table
                0x000000000203e754       0x6c c:/devkitpro/devkitarm/bin/../lib/gcc/arm-none-eabi/12.1.0/../../../../arm-none-eabi/lib/thumb\libg.a(lib_a-svfiprintf.o)
                0x000000000203e754                __action_table
 .rodata.__state_table
                0x000000000203e7c0       0x6c c:/devkitpro/devkitarm/bin/../lib/gcc/arm-none-eabi/12.1.0/../../../../arm-none-eabi/lib/thumb\libg.a(lib_a-svfiprintf.o)
                0x000000000203e7c0                __state_table
 .rodata.__chclass
                0x000000000203e82c      0x100 c:/devkitpro/devkitarm/bin/../lib/gcc/arm-none-eabi/12.1.0/../../../../arm-none-eabi/lib/thumb\libg.a(lib_a-svfiprintf.o)
                0x000000000203e82c                __chclass
 .rodata.__jp2uc
                0x000000000203e92c       0x20 c:/devkitpro/devkitarm/bin/../lib/gcc/arm-none-eabi/12.1.0/../../../../arm-none-eabi/lib/thumb\libg.a(lib_a-jp2uc.o)
 .rodata._jp2uc_l.str1.4
                0x000000000203e94c       0x12 c:/devkitpro/devkitarm/bin/../lib/gcc/arm-none-eabi/12.1.0/../../../../arm-none-eabi/lib/thumb\libg.a(lib_a-jp2uc.o)
 *fill*         0x000000000203e95e        0x2 ff
 .rodata.d02f4  0x000000000203e960     0x1a7c c:/devkitpro/devkitarm/bin/../lib/gcc/arm-none-eabi/12.1.0/../../../../arm-none-eabi/lib/thumb\libg.a(lib_a-jp2uc.o)
 .rodata.b02cf  0x00000000020403dc     0x172a c:/devkitpro/devkitarm/bin/../lib/gcc/arm-none-eabi/12.1.0/../../../../arm-none-eabi/lib/thumb\libg.a(lib_a-jp2uc.o)
 *fill*         0x0000000002041b06        0x2 ff
 .rodata.a8     0x0000000002041b08       0x40 c:/devkitpro/devkitarm/bin/../lib/gcc/arm-none-eabi/12.1.0/../../../../arm-none-eabi/lib/thumb\libg.a(lib_a-jp2uc.o)
 .rodata.a7     0x0000000002041b48       0xa2 c:/devkitpro/devkitarm/bin/../lib/gcc/arm-none-eabi/12.1.0/../../../../arm-none-eabi/lib/thumb\libg.a(lib_a-jp2uc.o)
 *fill*         0x0000000002041bea        0x2 ff
 .rodata.a6     0x0000000002041bec       0x70 c:/devkitpro/devkitarm/bin/../lib/gcc/arm-none-eabi/12.1.0/../../../../arm-none-eabi/lib/thumb\libg.a(lib_a-jp2uc.o)
 .rodata.a3     0x0000000002041c5c       0x5b c:/devkitpro/devkitarm/bin/../lib/gcc/arm-none-eabi/12.1.0/../../../../arm-none-eabi/lib/thumb\libg.a(lib_a-jp2uc.o)
 *fill*         0x0000000002041cb7        0x1 ff
 .rodata.a2     0x0000000002041cb8       0xbc c:/devkitpro/devkitarm/bin/../lib/gcc/arm-none-eabi/12.1.0/../../../../arm-none-eabi/lib/thumb\libg.a(lib_a-jp2uc.o)
 .rodata.a1     0x0000000002041d74       0xbc c:/devkitpro/devkitarm/bin/../lib/gcc/arm-none-eabi/12.1.0/../../../../arm-none-eabi/lib/thumb\libg.a(lib_a-jp2uc.o)
 .rodata.categories
                0x0000000002041e30     0x3528 c:/devkitpro/devkitarm/bin/../lib/gcc/arm-none-eabi/12.1.0/../../../../arm-none-eabi/lib/thumb\libg.a(lib_a-categories.o)
 .rodata.AddDevice.str1.4
                0x0000000002045358        0x8 c:/devkitpro/devkitarm/bin/../lib/gcc/arm-none-eabi/12.1.0/../../../../arm-none-eabi/lib/thumb\libsysbase.a(iosupport.o)
 .rodata.dotab_stdnull
                0x0000000002045360       0x70 c:/devkitpro/devkitarm/bin/../lib/gcc/arm-none-eabi/12.1.0/../../../../arm-none-eabi/lib/thumb\libsysbase.a(iosupport.o)
                0x0000000002045360                dotab_stdnull
 *(EXCLUDE_FILE(*.twl*) .gnu.linkonce.r*)
                0x00000000020453d0                . = ALIGN (0x4)

.ARM.extab      0x00000000020453d0       0xb0
 *(.ARM.extab* .gnu.linkonce.armextab.*)
 .ARM.extab.text._ZN10__cxxabiv111__terminateEPFvvE
                0x00000000020453d0       0x18 c:/devkitpro/devkitarm/bin/../lib/gcc/arm-none-eabi/12.1.0/../../../../arm-none-eabi/lib/thumb\libstdc++.a(eh_terminate.o)
 .ARM.extab.text.__cxa_begin_catch
                0x00000000020453e8        0xc c:/devkitpro/devkitarm/bin/../lib/gcc/arm-none-eabi/12.1.0/../../../../arm-none-eabi/lib/thumb\libstdc++.a(eh_catch.o)
 .ARM.extab.text.__gxx_personality_v0
                0x00000000020453f4       0x24 c:/devkitpro/devkitarm/bin/../lib/gcc/arm-none-eabi/12.1.0/../../../../arm-none-eabi/lib/thumb\libstdc++.a(eh_personality.o)
 .ARM.extab.text.__cxa_type_match
                0x0000000002045418        0xc c:/devkitpro/devkitarm/bin/../lib/gcc/arm-none-eabi/12.1.0/../../../../arm-none-eabi/lib/thumb\libstdc++.a(eh_arm.o)
 .ARM.extab.text.unlikely.__cxa_call_unexpected
                0x0000000002045424       0x2c c:/devkitpro/devkitarm/bin/../lib/gcc/arm-none-eabi/12.1.0/../../../../arm-none-eabi/lib/thumb\libstdc++.a(eh_call.o)
 .ARM.extab.text.unwind_phase2_forced
                0x0000000002045450        0xc c:/devkitpro/devkitarm/bin/../lib/gcc/arm-none-eabi/12.1.0/thumb\libgcc.a(unwind-arm.o)
 .ARM.extab.text.__gnu_unwind_pr_common
                0x000000000204545c        0xc c:/devkitpro/devkitarm/bin/../lib/gcc/arm-none-eabi/12.1.0/thumb\libgcc.a(unwind-arm.o)
 .ARM.extab.text._Unwind_VRS_Pop
                0x0000000002045468        0xc c:/devkitpro/devkitarm/bin/../lib/gcc/arm-none-eabi/12.1.0/thumb\libgcc.a(unwind-arm.o)
 .ARM.extab.text.__gnu_unwind_execute
                0x0000000002045474        0xc c:/devkitpro/devkitarm/bin/../lib/gcc/arm-none-eabi/12.1.0/thumb\libgcc.a(pr-support.o)
                0x0000000002045480                __exidx_start = .

ARM.exidx       0x0000000002045480      0x1b0
 *(.ARM.exidx* .gnu.linkonce.armexidx.*)
 .ARM.exidx.text._Znwj
                0x0000000002045480        0x8 c:/devkitpro/devkitarm/bin/../lib/gcc/arm-none-eabi/12.1.0/../../../../arm-none-eabi/lib/thumb\libstdc++.a(new_op.o)
 .ARM.exidx.text._ZNKSt9bad_alloc4whatEv
                0x0000000002045488        0x8 c:/devkitpro/devkitarm/bin/../lib/gcc/arm-none-eabi/12.1.0/../../../../arm-none-eabi/lib/thumb\libstdc++.a(bad_alloc.o)
 .ARM.exidx.text._ZNSt9bad_allocD2Ev
                0x0000000002045490        0x0 c:/devkitpro/devkitarm/bin/../lib/gcc/arm-none-eabi/12.1.0/../../../../arm-none-eabi/lib/thumb\libstdc++.a(bad_alloc.o)
                                          0x8 (size before relaxing)
 .ARM.exidx.text._ZNSt9bad_allocD0Ev
                0x0000000002045490        0x0 c:/devkitpro/devkitarm/bin/../lib/gcc/arm-none-eabi/12.1.0/../../../../arm-none-eabi/lib/thumb\libstdc++.a(bad_alloc.o)
                                          0x8 (size before relaxing)
 .ARM.exidx.text._ZdlPvj
                0x0000000002045490        0x0 c:/devkitpro/devkitarm/bin/../lib/gcc/arm-none-eabi/12.1.0/../../../../arm-none-eabi/lib/thumb\libstdc++.a(del_ops.o)
                                          0x8 (size before relaxing)
 .ARM.exidx.text._ZN12_GLOBAL__N_14pool4freeEPv.constprop.0
                0x0000000002045490        0x0 c:/devkitpro/devkitarm/bin/../lib/gcc/arm-none-eabi/12.1.0/../../../../arm-none-eabi/lib/thumb\libstdc++.a(eh_alloc.o)
                                          0x8 (size before relaxing)
 .ARM.exidx.text._ZN12_GLOBAL__N_14pool8allocateEj.constprop.0
                0x0000000002045490        0x0 c:/devkitpro/devkitarm/bin/../lib/gcc/arm-none-eabi/12.1.0/../../../../arm-none-eabi/lib/thumb\libstdc++.a(eh_alloc.o)
                                          0x8 (size before relaxing)
 .ARM.exidx.text.__cxa_allocate_exception
                0x0000000002045490        0x0 c:/devkitpro/devkitarm/bin/../lib/gcc/arm-none-eabi/12.1.0/../../../../arm-none-eabi/lib/thumb\libstdc++.a(eh_alloc.o)
                                          0x8 (size before relaxing)
 .ARM.exidx.text.__cxa_free_exception